[2025-08-19 02:36:48Z INFO HostContext] No proxy settings were found based on environmental variables (http_proxy/https_proxy/HTTP_PROXY/HTTPS_PROXY)
[2025-08-19 02:36:48Z INFO HostContext] Well known directory 'Bin': 'C:\laragon\www\fiberx\actions-runner\bin'
[2025-08-19 02:36:48Z INFO HostContext] Well known directory 'Root': 'C:\laragon\www\fiberx\actions-runner'
[2025-08-19 02:36:48Z INFO HostContext] Well known config file 'Credentials': 'C:\laragon\www\fiberx\actions-runner\.credentials'
[2025-08-19 02:36:48Z INFO HostContext] Well known directory 'Bin': 'C:\laragon\www\fiberx\actions-runner\bin'
[2025-08-19 02:36:48Z INFO HostContext] Well known directory 'Root': 'C:\laragon\www\fiberx\actions-runner'
[2025-08-19 02:36:48Z INFO HostContext] Well known config file 'Runner': 'C:\laragon\www\fiberx\actions-runner\.runner'
[2025-08-19 02:36:48Z INFO Listener] Runner is built for Windows (X64) - win-x64.
[2025-08-19 02:36:48Z INFO Listener] RuntimeInformation: Microsoft Windows 10.0.19045.
[2025-08-19 02:36:48Z INFO Listener] Version: 2.327.1
[2025-08-19 02:36:48Z INFO Listener] Commit: 9513afd82fbc900d13362cdd4fcdab0538f5124e
[2025-08-19 02:36:48Z INFO Listener] Culture: en-US
[2025-08-19 02:36:48Z INFO Listener] UI Culture: en-US
[2025-08-19 02:36:48Z INFO HostContext] Well known directory 'Bin': 'C:\laragon\www\fiberx\actions-runner\bin'
[2025-08-19 02:36:48Z INFO HostContext] Well known directory 'Root': 'C:\laragon\www\fiberx\actions-runner'
[2025-08-19 02:36:48Z INFO Listener] Validating directory permissions for: 'C:\laragon\www\fiberx\actions-runner'
[2025-08-19 02:36:48Z INFO CommandLineParser] Parse
[2025-08-19 02:36:48Z INFO CommandLineParser] Parsing 3 args
[2025-08-19 02:36:48Z INFO CommandLineParser] parsing argument
[2025-08-19 02:36:48Z INFO CommandLineParser] HasArgs: False
[2025-08-19 02:36:48Z INFO CommandLineParser] Adding Command: run
[2025-08-19 02:36:48Z INFO CommandLineParser] parsing argument
[2025-08-19 02:36:48Z INFO CommandLineParser] HasArgs: True
[2025-08-19 02:36:48Z INFO CommandLineParser] arg: startuptype
[2025-08-19 02:36:48Z INFO CommandLineParser] parsing argument
[2025-08-19 02:36:48Z INFO CommandLineParser] HasArgs: True
[2025-08-19 02:36:48Z INFO CommandLineParser] Adding option 'startuptype': 'service'
[2025-08-19 02:36:48Z INFO Listener] Arguments parsed
[2025-08-19 02:36:48Z INFO Runner] ExecuteCommand
[2025-08-19 02:36:48Z INFO ConfigurationStore] currentAssemblyLocation: C:\laragon\www\fiberx\actions-runner\bin\Runner.Listener.dll
[2025-08-19 02:36:48Z INFO HostContext] Well known directory 'Bin': 'C:\laragon\www\fiberx\actions-runner\bin'
[2025-08-19 02:36:48Z INFO ConfigurationStore] binPath: C:\laragon\www\fiberx\actions-runner\bin
[2025-08-19 02:36:48Z INFO HostContext] Well known directory 'Bin': 'C:\laragon\www\fiberx\actions-runner\bin'
[2025-08-19 02:36:48Z INFO HostContext] Well known directory 'Root': 'C:\laragon\www\fiberx\actions-runner'
[2025-08-19 02:36:48Z INFO ConfigurationStore] RootFolder: C:\laragon\www\fiberx\actions-runner
[2025-08-19 02:36:48Z INFO HostContext] Well known directory 'Bin': 'C:\laragon\www\fiberx\actions-runner\bin'
[2025-08-19 02:36:48Z INFO HostContext] Well known directory 'Root': 'C:\laragon\www\fiberx\actions-runner'
[2025-08-19 02:36:48Z INFO HostContext] Well known config file 'Runner': 'C:\laragon\www\fiberx\actions-runner\.runner'
[2025-08-19 02:36:48Z INFO ConfigurationStore] ConfigFilePath: C:\laragon\www\fiberx\actions-runner\.runner
[2025-08-19 02:36:48Z INFO HostContext] Well known directory 'Bin': 'C:\laragon\www\fiberx\actions-runner\bin'
[2025-08-19 02:36:48Z INFO HostContext] Well known directory 'Root': 'C:\laragon\www\fiberx\actions-runner'
[2025-08-19 02:36:48Z INFO HostContext] Well known config file 'MigratedRunner': 'C:\laragon\www\fiberx\actions-runner\.runner_migrated'
[2025-08-19 02:36:48Z INFO ConfigurationStore] MigratedConfigFilePath: C:\laragon\www\fiberx\actions-runner\.runner_migrated
[2025-08-19 02:36:48Z INFO HostContext] Well known directory 'Bin': 'C:\laragon\www\fiberx\actions-runner\bin'
[2025-08-19 02:36:48Z INFO HostContext] Well known directory 'Root': 'C:\laragon\www\fiberx\actions-runner'
[2025-08-19 02:36:48Z INFO HostContext] Well known config file 'Credentials': 'C:\laragon\www\fiberx\actions-runner\.credentials'
[2025-08-19 02:36:48Z INFO ConfigurationStore] CredFilePath: C:\laragon\www\fiberx\actions-runner\.credentials
[2025-08-19 02:36:48Z INFO HostContext] Well known directory 'Bin': 'C:\laragon\www\fiberx\actions-runner\bin'
[2025-08-19 02:36:48Z INFO HostContext] Well known directory 'Root': 'C:\laragon\www\fiberx\actions-runner'
[2025-08-19 02:36:48Z INFO HostContext] Well known config file 'MigratedCredentials': 'C:\laragon\www\fiberx\actions-runner\.credentials_migrated'
[2025-08-19 02:36:48Z INFO ConfigurationStore] MigratedCredFilePath: C:\laragon\www\fiberx\actions-runner\.credentials_migrated
[2025-08-19 02:36:48Z INFO HostContext] Well known directory 'Bin': 'C:\laragon\www\fiberx\actions-runner\bin'
[2025-08-19 02:36:48Z INFO HostContext] Well known directory 'Root': 'C:\laragon\www\fiberx\actions-runner'
[2025-08-19 02:36:48Z INFO HostContext] Well known config file 'Service': 'C:\laragon\www\fiberx\actions-runner\.service'
[2025-08-19 02:36:48Z INFO ConfigurationStore] ServiceConfigFilePath: C:\laragon\www\fiberx\actions-runner\.service
[2025-08-19 02:36:48Z INFO CommandSettings] Flag 'help': 'False'
[2025-08-19 02:36:48Z INFO CommandSettings] Flag 'version': 'False'
[2025-08-19 02:36:48Z INFO CommandSettings] Flag 'commit': 'False'
[2025-08-19 02:36:48Z INFO CommandSettings] Flag 'check': 'False'
[2025-08-19 02:36:48Z INFO CommandSettings] Command 'configure': 'False'
[2025-08-19 02:36:48Z INFO CommandSettings] Command 'remove': 'False'
[2025-08-19 02:36:48Z INFO CommandSettings] Command 'warmup': 'False'
[2025-08-19 02:36:48Z INFO ConfigurationManager] LoadSettings
[2025-08-19 02:36:48Z INFO ConfigurationStore] IsConfigured()
[2025-08-19 02:36:48Z INFO ConfigurationStore] IsConfigured: True
[2025-08-19 02:36:48Z INFO ConfigurationManager] Is configured: True
[2025-08-19 02:36:48Z INFO ConfigurationStore] Read setting file: 386 chars
[2025-08-19 02:36:48Z INFO ConfigurationManager] Settings Loaded
[2025-08-19 02:36:48Z INFO ConfigurationStore] IsServiceConfigured()
[2025-08-19 02:36:48Z INFO ConfigurationStore] IsServiceConfigured: False
[2025-08-19 02:36:48Z INFO CommandSettings] Command 'run': 'True'
[2025-08-19 02:36:48Z INFO ConfigurationStore] IsConfigured()
[2025-08-19 02:36:48Z INFO ConfigurationStore] IsConfigured: True
[2025-08-19 02:36:48Z INFO ConfigurationManager] Is configured: True
[2025-08-19 02:36:48Z INFO Runner] Set runner startup type - Service
[2025-08-19 02:36:48Z INFO CommandSettings] Flag 'once': 'False'
[2025-08-19 02:36:48Z INFO CommandSettings] Flag 'once': 'False'
[2025-08-19 02:36:48Z INFO Runner] RunAsync
[2025-08-19 02:36:48Z INFO ConfigurationManager] LoadMigratedSettings
[2025-08-19 02:36:48Z INFO ConfigurationStore] IsMigratedConfigured()
[2025-08-19 02:36:48Z INFO ConfigurationStore] IsMigratedConfigured: True
[2025-08-19 02:36:48Z INFO ConfigurationStore] Read migrated setting file: 386 chars
[2025-08-19 02:36:48Z INFO ConfigurationManager] Migrated Settings Loaded
[2025-08-19 02:36:48Z INFO Runner] Loaded migrated settings from .runner_migrated file
[2025-08-19 02:36:48Z INFO Runner] {
  "AgentId": 22,
  "AgentName": "JO",
  "PoolId": 1,
  "PoolName": "Default",
  "ServerUrl": "https://pipelinesghubeus15.actions.githubusercontent.com/HLVvYa4EQ4gmli2xAFp0jlQMUfJshCbH1feiOknxmXHeaFb9SZ/",
  "GitHubUrl": "https://github.com/jauharimalik/fiberx",
  "WorkFolder": "_work",
  "UseV2Flow": true,
  "ServerUrlV2": "https://broker.actions.githubusercontent.com/"
}
[2025-08-19 02:36:48Z INFO Runner] Attempting to create session using migrated settings
[2025-08-19 02:36:48Z INFO Runner] Using BrokerMessageListener
[2025-08-19 02:36:48Z INFO BrokerMessageListener] Using provided settings
[2025-08-19 02:36:48Z INFO BrokerMessageListener] Using migrated settings from .runner_migrated
[2025-08-19 02:36:48Z INFO BrokerMessageListener] {
  "AgentId": 22,
  "AgentName": "JO",
  "PoolId": 1,
  "PoolName": "Default",
  "ServerUrl": "https://pipelinesghubeus15.actions.githubusercontent.com/HLVvYa4EQ4gmli2xAFp0jlQMUfJshCbH1feiOknxmXHeaFb9SZ/",
  "GitHubUrl": "https://github.com/jauharimalik/fiberx",
  "WorkFolder": "_work",
  "UseV2Flow": true,
  "ServerUrlV2": "https://broker.actions.githubusercontent.com/"
}
[2025-08-19 02:36:48Z INFO BrokerMessageListener] Loading Credentials
[2025-08-19 02:36:48Z INFO ConfigurationStore] HasCredentials()
[2025-08-19 02:36:48Z INFO ConfigurationStore] stored True
[2025-08-19 02:36:48Z INFO CredentialManager] GetCredentialProvider
[2025-08-19 02:36:48Z INFO CredentialManager] Creating type OAuth
[2025-08-19 02:36:48Z INFO CredentialManager] Creating credential type: OAuth
[2025-08-19 02:36:48Z INFO HostContext] Well known directory 'Bin': 'C:\laragon\www\fiberx\actions-runner\bin'
[2025-08-19 02:36:48Z INFO HostContext] Well known directory 'Root': 'C:\laragon\www\fiberx\actions-runner'
[2025-08-19 02:36:48Z INFO HostContext] Well known config file 'RSACredentials': 'C:\laragon\www\fiberx\actions-runner\.credentials_rsaparams'
[2025-08-19 02:36:48Z INFO RSAEncryptedFileKeyManager] Loading RSA key parameters from file C:\laragon\www\fiberx\actions-runner\.credentials_rsaparams
[2025-08-19 02:36:48Z INFO BrokerMessageListener] Attempt to create session.
[2025-08-19 02:36:48Z INFO BrokerMessageListener] Connecting to the Broker Server...
[2025-08-19 02:36:48Z INFO ConfigurationStore] HasCredentials()
[2025-08-19 02:36:48Z INFO ConfigurationStore] stored True
[2025-08-19 02:36:48Z INFO CredentialManager] GetCredentialProvider
[2025-08-19 02:36:48Z INFO CredentialManager] Creating type OAuth
[2025-08-19 02:36:48Z INFO CredentialManager] Creating credential type: OAuth
[2025-08-19 02:36:48Z INFO RSAEncryptedFileKeyManager] Loading RSA key parameters from file C:\laragon\www\fiberx\actions-runner\.credentials_rsaparams
[2025-08-19 02:36:48Z INFO BrokerMessageListener] VssConnection created
[2025-08-19 02:36:48Z INFO BrokerMessageListener] Connecting to the Runner server...
[2025-08-19 02:36:48Z INFO RunnerServer] EstablishVssConnection
[2025-08-19 02:36:48Z INFO RunnerServer] Establish connection with 100 seconds timeout.
[2025-08-19 02:36:48Z INFO GitHubActionsService] Starting operation Location.GetConnectionData
[2025-08-19 02:36:49Z INFO RunnerServer] EstablishVssConnection
[2025-08-19 02:36:49Z INFO RunnerServer] Establish connection with 60 seconds timeout.
[2025-08-19 02:36:49Z INFO GitHubActionsService] Starting operation Location.GetConnectionData
[2025-08-19 02:36:49Z INFO RunnerServer] EstablishVssConnection
[2025-08-19 02:36:49Z INFO RunnerServer] Establish connection with 60 seconds timeout.
[2025-08-19 02:36:49Z INFO GitHubActionsService] Starting operation Location.GetConnectionData
[2025-08-19 02:36:50Z INFO GitHubActionsService] Finished operation Location.GetConnectionData
[2025-08-19 02:36:50Z INFO GitHubActionsService] Finished operation Location.GetConnectionData
[2025-08-19 02:36:51Z INFO GitHubActionsService] Finished operation Location.GetConnectionData
[2025-08-19 02:36:51Z INFO BrokerMessageListener] VssConnection created
[2025-08-19 02:36:51Z INFO Terminal] WRITE LINE: 
[2025-08-19 02:36:51Z INFO Terminal] WRITE LINE: 
[2025-08-19 02:36:51Z INFO RSAEncryptedFileKeyManager] Loading RSA key parameters from file C:\laragon\www\fiberx\actions-runner\.credentials_rsaparams
[2025-08-19 02:36:51Z INFO RSAEncryptedFileKeyManager] Loading RSA key parameters from file C:\laragon\www\fiberx\actions-runner\.credentials_rsaparams
[2025-08-19 02:36:53Z INFO GitHubActionsService] AAD Correlation ID for this token request: Unknown
[2025-08-19 02:36:55Z INFO BrokerMessageListener] Session created.
[2025-08-19 02:36:55Z INFO Runner] Successfully created session with migrated settings
[2025-08-19 02:36:55Z INFO Terminal] WRITE LINE: Current runner version: '2.327.1'
[2025-08-19 02:36:55Z INFO Terminal] WRITE LINE: 2025-08-19 02:36:55Z: Listening for Jobs
[2025-08-19 02:36:55Z INFO JobDispatcher] Set runner/worker IPC timeout to 30 seconds.
[2025-08-19 03:27:12Z INFO RSAEncryptedFileKeyManager] Loading RSA key parameters from file C:\laragon\www\fiberx\actions-runner\.credentials_rsaparams
[2025-08-19 03:27:13Z INFO GitHubActionsService] AAD Correlation ID for this token request: Unknown
[2025-08-19 04:17:29Z INFO RSAEncryptedFileKeyManager] Loading RSA key parameters from file C:\laragon\www\fiberx\actions-runner\.credentials_rsaparams
[2025-08-19 04:17:30Z INFO GitHubActionsService] AAD Correlation ID for this token request: Unknown
[2025-08-19 04:25:53Z WARN GitHubActionsService] Attempt 1 of GET request to https://broker.actions.githubusercontent.com/message?sessionId=109866e6-460a-4291-8860-801fd0ccd3e7&status=Online&runnerVersion=2.327.1&os=Windows&architecture=X64&disableUpdate=false failed (Socket Error: ConnectionReset). The operation will be retried in 11.154 seconds.
[2025-08-19 05:08:08Z INFO RSAEncryptedFileKeyManager] Loading RSA key parameters from file C:\laragon\www\fiberx\actions-runner\.credentials_rsaparams
[2025-08-19 05:08:09Z INFO GitHubActionsService] AAD Correlation ID for this token request: Unknown
[2025-08-19 05:58:38Z INFO RSAEncryptedFileKeyManager] Loading RSA key parameters from file C:\laragon\www\fiberx\actions-runner\.credentials_rsaparams
[2025-08-19 05:58:40Z INFO GitHubActionsService] AAD Correlation ID for this token request: Unknown
[2025-08-19 06:49:10Z INFO RSAEncryptedFileKeyManager] Loading RSA key parameters from file C:\laragon\www\fiberx\actions-runner\.credentials_rsaparams
[2025-08-19 06:49:11Z INFO GitHubActionsService] AAD Correlation ID for this token request: Unknown
[2025-08-19 07:15:26Z WARN GitHubActionsService] Attempt 1 of GET request to https://broker.actions.githubusercontent.com/message?sessionId=109866e6-460a-4291-8860-801fd0ccd3e7&status=Online&runnerVersion=2.327.1&os=Windows&architecture=X64&disableUpdate=false failed (Socket Error: ConnectionReset). The operation will be retried in 10.901 seconds.
[2025-08-19 07:39:56Z INFO RSAEncryptedFileKeyManager] Loading RSA key parameters from file C:\laragon\www\fiberx\actions-runner\.credentials_rsaparams
[2025-08-19 07:39:57Z INFO GitHubActionsService] AAD Correlation ID for this token request: Unknown
[2025-08-19 08:30:13Z INFO RSAEncryptedFileKeyManager] Loading RSA key parameters from file C:\laragon\www\fiberx\actions-runner\.credentials_rsaparams
[2025-08-19 08:30:15Z INFO GitHubActionsService] AAD Correlation ID for this token request: Unknown
[2025-08-19 09:20:32Z INFO RSAEncryptedFileKeyManager] Loading RSA key parameters from file C:\laragon\www\fiberx\actions-runner\.credentials_rsaparams
[2025-08-19 09:20:33Z INFO GitHubActionsService] AAD Correlation ID for this token request: Unknown
[2025-08-19 10:10:50Z INFO RSAEncryptedFileKeyManager] Loading RSA key parameters from file C:\laragon\www\fiberx\actions-runner\.credentials_rsaparams
[2025-08-19 10:10:51Z INFO GitHubActionsService] AAD Correlation ID for this token request: Unknown
[2025-08-19 11:01:08Z INFO RSAEncryptedFileKeyManager] Loading RSA key parameters from file C:\laragon\www\fiberx\actions-runner\.credentials_rsaparams
[2025-08-19 11:01:09Z INFO GitHubActionsService] AAD Correlation ID for this token request: Unknown
[2025-08-19 11:51:27Z INFO RSAEncryptedFileKeyManager] Loading RSA key parameters from file C:\laragon\www\fiberx\actions-runner\.credentials_rsaparams
[2025-08-19 11:51:28Z INFO GitHubActionsService] AAD Correlation ID for this token request: Unknown
[2025-08-19 12:41:45Z INFO RSAEncryptedFileKeyManager] Loading RSA key parameters from file C:\laragon\www\fiberx\actions-runner\.credentials_rsaparams
[2025-08-19 12:41:46Z INFO GitHubActionsService] AAD Correlation ID for this token request: Unknown
[2025-08-19 13:24:47Z INFO Runner] Received RunnerRefreshConfigMessage for 'runner' config file
[2025-08-19 13:24:47Z INFO RunnerConfigUpdater] Verifying runner qualified id: U_kgDOAIytEA/R_kgDOPco3gA/self-hosted/22
[2025-08-19 13:24:47Z INFO HostContext] Well known directory 'Bin': 'C:\laragon\www\fiberx\actions-runner\bin'
[2025-08-19 13:24:47Z INFO HostContext] Well known directory 'Root': 'C:\laragon\www\fiberx\actions-runner'
[2025-08-19 13:24:47Z INFO HostContext] Well known config file 'Runner': 'C:\laragon\www\fiberx\actions-runner\.runner'
[2025-08-19 13:24:48Z INFO RSAEncryptedFileKeyManager] Loading RSA key parameters from file C:\laragon\www\fiberx\actions-runner\.credentials_rsaparams
[2025-08-19 13:24:48Z INFO RSAEncryptedFileKeyManager] Loading RSA key parameters from file C:\laragon\www\fiberx\actions-runner\.credentials_rsaparams
[2025-08-19 13:24:49Z INFO GitHubActionsService] AAD Correlation ID for this token request: Unknown
[2025-08-19 13:24:50Z INFO ConfigurationStore] Saving runner migrated settings
[2025-08-19 13:24:50Z INFO ConfigurationStore] Delete exist runner migrated settings file.
[2025-08-19 13:24:50Z INFO ConfigurationStore] Migrated Settings Saved.
[2025-08-19 13:24:50Z INFO Runner] Runner configuration was updated. Session restart has been scheduled
[2025-08-19 13:24:50Z INFO Runner] Pending session restart detected and job dispatcher is not busy. Restarting session now.
[2025-08-19 13:24:50Z INFO JobDispatcher] Shutting down JobDispatcher. Make sure all WorkerDispatcher has finished.
[2025-08-19 13:24:50Z INFO Runner] Deleting Runner Session...
[2025-08-19 13:24:50Z INFO Runner] Restarting runner session after config update...
[2025-08-19 13:24:50Z INFO Runner] Runner configuration was refreshed, restarting session...
[2025-08-19 13:24:50Z INFO ConfigurationManager] LoadSettings
[2025-08-19 13:24:50Z INFO ConfigurationStore] IsConfigured()
[2025-08-19 13:24:50Z INFO ConfigurationStore] IsConfigured: True
[2025-08-19 13:24:50Z INFO ConfigurationManager] Is configured: True
[2025-08-19 13:24:50Z INFO ConfigurationManager] Settings Loaded
[2025-08-19 13:24:50Z INFO Runner] RunAsync
[2025-08-19 13:24:50Z INFO ConfigurationManager] LoadMigratedSettings
[2025-08-19 13:24:50Z INFO ConfigurationStore] IsMigratedConfigured()
[2025-08-19 13:24:50Z INFO ConfigurationStore] IsMigratedConfigured: True
[2025-08-19 13:24:50Z INFO ConfigurationManager] Migrated Settings Loaded
[2025-08-19 13:24:50Z INFO Runner] Loaded migrated settings from .runner_migrated file
[2025-08-19 13:24:50Z INFO Runner] {
  "AgentId": 22,
  "AgentName": "JO",
  "PoolId": 1,
  "PoolName": "Default",
  "ServerUrl": "https://pipelinesghubeus15.actions.githubusercontent.com/HLVvYa4EQ4gmli2xAFp0jlQMUfJshCbH1feiOknxmXHeaFb9SZ/",
  "GitHubUrl": "https://github.com/jauharimalik/fiberx",
  "WorkFolder": "_work",
  "UseV2Flow": true,
  "ServerUrlV2": "https://broker.actions.githubusercontent.com/"
}
[2025-08-19 13:24:50Z INFO Runner] Attempting to create session using migrated settings
[2025-08-19 13:24:50Z INFO Runner] Using BrokerMessageListener
[2025-08-19 13:24:50Z INFO BrokerMessageListener] Using provided settings
[2025-08-19 13:24:50Z INFO BrokerMessageListener] Using migrated settings from .runner_migrated
[2025-08-19 13:24:50Z INFO BrokerMessageListener] {
  "AgentId": 22,
  "AgentName": "JO",
  "PoolId": 1,
  "PoolName": "Default",
  "ServerUrl": "https://pipelinesghubeus15.actions.githubusercontent.com/HLVvYa4EQ4gmli2xAFp0jlQMUfJshCbH1feiOknxmXHeaFb9SZ/",
  "GitHubUrl": "https://github.com/jauharimalik/fiberx",
  "WorkFolder": "_work",
  "UseV2Flow": true,
  "ServerUrlV2": "https://broker.actions.githubusercontent.com/"
}
[2025-08-19 13:24:50Z INFO BrokerMessageListener] Loading Credentials
[2025-08-19 13:24:50Z INFO ConfigurationStore] HasCredentials()
[2025-08-19 13:24:50Z INFO ConfigurationStore] stored True
[2025-08-19 13:24:50Z INFO CredentialManager] GetCredentialProvider
[2025-08-19 13:24:50Z INFO CredentialManager] Creating type OAuth
[2025-08-19 13:24:50Z INFO CredentialManager] Creating credential type: OAuth
[2025-08-19 13:24:50Z INFO RSAEncryptedFileKeyManager] Loading RSA key parameters from file C:\laragon\www\fiberx\actions-runner\.credentials_rsaparams
[2025-08-19 13:24:50Z INFO BrokerMessageListener] Attempt to create session.
[2025-08-19 13:24:50Z INFO BrokerMessageListener] Connecting to the Broker Server...
[2025-08-19 13:24:50Z INFO ConfigurationStore] HasCredentials()
[2025-08-19 13:24:50Z INFO ConfigurationStore] stored True
[2025-08-19 13:24:50Z INFO CredentialManager] GetCredentialProvider
[2025-08-19 13:24:50Z INFO CredentialManager] Creating type OAuth
[2025-08-19 13:24:50Z INFO CredentialManager] Creating credential type: OAuth
[2025-08-19 13:24:50Z INFO RSAEncryptedFileKeyManager] Loading RSA key parameters from file C:\laragon\www\fiberx\actions-runner\.credentials_rsaparams
[2025-08-19 13:24:50Z INFO BrokerMessageListener] VssConnection created
[2025-08-19 13:24:50Z INFO BrokerMessageListener] Connecting to the Runner server...
[2025-08-19 13:24:50Z INFO RunnerServer] EstablishVssConnection
[2025-08-19 13:24:50Z INFO RunnerServer] Establish connection with 100 seconds timeout.
[2025-08-19 13:24:50Z INFO GitHubActionsService] Starting operation Location.GetConnectionData
[2025-08-19 13:24:50Z INFO RunnerServer] EstablishVssConnection
[2025-08-19 13:24:50Z INFO RunnerServer] Establish connection with 60 seconds timeout.
[2025-08-19 13:24:50Z INFO GitHubActionsService] Starting operation Location.GetConnectionData
[2025-08-19 13:24:50Z INFO RunnerServer] EstablishVssConnection
[2025-08-19 13:24:50Z INFO RunnerServer] Establish connection with 60 seconds timeout.
[2025-08-19 13:24:50Z INFO GitHubActionsService] Starting operation Location.GetConnectionData
[2025-08-19 13:24:51Z INFO GitHubActionsService] Finished operation Location.GetConnectionData
[2025-08-19 13:24:51Z INFO GitHubActionsService] Finished operation Location.GetConnectionData
[2025-08-19 13:24:51Z INFO GitHubActionsService] Finished operation Location.GetConnectionData
[2025-08-19 13:24:52Z INFO BrokerMessageListener] VssConnection created
[2025-08-19 13:24:52Z INFO Terminal] WRITE LINE: 
[2025-08-19 13:24:52Z INFO Terminal] WRITE LINE: 
[2025-08-19 13:24:52Z INFO RSAEncryptedFileKeyManager] Loading RSA key parameters from file C:\laragon\www\fiberx\actions-runner\.credentials_rsaparams
[2025-08-19 13:24:52Z INFO RSAEncryptedFileKeyManager] Loading RSA key parameters from file C:\laragon\www\fiberx\actions-runner\.credentials_rsaparams
[2025-08-19 13:24:53Z INFO GitHubActionsService] AAD Correlation ID for this token request: Unknown
[2025-08-19 13:24:54Z INFO BrokerMessageListener] Session created.
[2025-08-19 13:24:54Z INFO Runner] Successfully created session with migrated settings
[2025-08-19 13:24:54Z INFO Terminal] WRITE LINE: Current runner version: '2.327.1'
[2025-08-19 13:24:54Z INFO Terminal] WRITE LINE: 2025-08-19 13:24:54Z: Listening for Jobs
[2025-08-19 13:24:54Z INFO JobDispatcher] Set runner/worker IPC timeout to 30 seconds.
[2025-08-19 14:15:11Z INFO RSAEncryptedFileKeyManager] Loading RSA key parameters from file C:\laragon\www\fiberx\actions-runner\.credentials_rsaparams
[2025-08-19 14:15:12Z INFO GitHubActionsService] AAD Correlation ID for this token request: Unknown
[2025-08-19 15:05:49Z INFO RSAEncryptedFileKeyManager] Loading RSA key parameters from file C:\laragon\www\fiberx\actions-runner\.credentials_rsaparams
[2025-08-19 15:05:50Z INFO GitHubActionsService] AAD Correlation ID for this token request: Unknown
[2025-08-19 15:56:07Z INFO RSAEncryptedFileKeyManager] Loading RSA key parameters from file C:\laragon\www\fiberx\actions-runner\.credentials_rsaparams
[2025-08-19 15:56:08Z INFO GitHubActionsService] AAD Correlation ID for this token request: Unknown
[2025-08-19 16:46:25Z INFO RSAEncryptedFileKeyManager] Loading RSA key parameters from file C:\laragon\www\fiberx\actions-runner\.credentials_rsaparams
[2025-08-19 16:46:26Z INFO GitHubActionsService] AAD Correlation ID for this token request: Unknown
[2025-08-19 17:36:48Z INFO RSAEncryptedFileKeyManager] Loading RSA key parameters from file C:\laragon\www\fiberx\actions-runner\.credentials_rsaparams
[2025-08-19 17:36:50Z INFO GitHubActionsService] AAD Correlation ID for this token request: Unknown
[2025-08-19 18:27:06Z INFO RSAEncryptedFileKeyManager] Loading RSA key parameters from file C:\laragon\www\fiberx\actions-runner\.credentials_rsaparams
[2025-08-19 18:27:08Z INFO GitHubActionsService] AAD Correlation ID for this token request: Unknown
[2025-08-19 19:17:24Z INFO RSAEncryptedFileKeyManager] Loading RSA key parameters from file C:\laragon\www\fiberx\actions-runner\.credentials_rsaparams
[2025-08-19 19:17:25Z INFO GitHubActionsService] AAD Correlation ID for this token request: Unknown
[2025-08-19 20:07:42Z INFO RSAEncryptedFileKeyManager] Loading RSA key parameters from file C:\laragon\www\fiberx\actions-runner\.credentials_rsaparams
[2025-08-19 20:07:43Z INFO GitHubActionsService] AAD Correlation ID for this token request: Unknown
[2025-08-19 20:57:59Z INFO RSAEncryptedFileKeyManager] Loading RSA key parameters from file C:\laragon\www\fiberx\actions-runner\.credentials_rsaparams
[2025-08-19 20:58:01Z INFO GitHubActionsService] AAD Correlation ID for this token request: Unknown
[2025-08-19 21:48:17Z INFO RSAEncryptedFileKeyManager] Loading RSA key parameters from file C:\laragon\www\fiberx\actions-runner\.credentials_rsaparams
[2025-08-19 21:48:18Z INFO GitHubActionsService] AAD Correlation ID for this token request: Unknown
[2025-08-19 22:38:38Z INFO RSAEncryptedFileKeyManager] Loading RSA key parameters from file C:\laragon\www\fiberx\actions-runner\.credentials_rsaparams
[2025-08-19 22:38:39Z INFO GitHubActionsService] AAD Correlation ID for this token request: Unknown
[2025-08-19 23:28:55Z INFO RSAEncryptedFileKeyManager] Loading RSA key parameters from file C:\laragon\www\fiberx\actions-runner\.credentials_rsaparams
[2025-08-19 23:28:57Z INFO GitHubActionsService] AAD Correlation ID for this token request: Unknown
[2025-08-20 00:19:13Z INFO RSAEncryptedFileKeyManager] Loading RSA key parameters from file C:\laragon\www\fiberx\actions-runner\.credentials_rsaparams
[2025-08-20 00:19:15Z INFO GitHubActionsService] AAD Correlation ID for this token request: Unknown
[2025-08-20 01:09:31Z INFO RSAEncryptedFileKeyManager] Loading RSA key parameters from file C:\laragon\www\fiberx\actions-runner\.credentials_rsaparams
[2025-08-20 01:09:33Z INFO GitHubActionsService] AAD Correlation ID for this token request: Unknown
[2025-08-20 01:59:49Z INFO RSAEncryptedFileKeyManager] Loading RSA key parameters from file C:\laragon\www\fiberx\actions-runner\.credentials_rsaparams
[2025-08-20 01:59:50Z INFO GitHubActionsService] AAD Correlation ID for this token request: Unknown
[2025-08-20 02:50:06Z INFO RSAEncryptedFileKeyManager] Loading RSA key parameters from file C:\laragon\www\fiberx\actions-runner\.credentials_rsaparams
[2025-08-20 02:50:07Z INFO GitHubActionsService] AAD Correlation ID for this token request: Unknown
[2025-08-20 02:51:30Z INFO Runner] Refresh message received, kick-off selfupdate background process.
[2025-08-20 02:51:31Z INFO RSAEncryptedFileKeyManager] Loading RSA key parameters from file C:\laragon\www\fiberx\actions-runner\.credentials_rsaparams
[2025-08-20 02:51:31Z INFO RSAEncryptedFileKeyManager] Loading RSA key parameters from file C:\laragon\www\fiberx\actions-runner\.credentials_rsaparams
[2025-08-20 02:51:32Z INFO GitHubActionsService] AAD Correlation ID for this token request: Unknown
[2025-08-20 02:51:33Z INFO SelfUpdater] Version '2.328.0' of 'agent' package available in server.
[2025-08-20 02:51:33Z INFO SelfUpdater] Current running runner version is 2.327.1
[2025-08-20 02:51:33Z INFO SelfUpdater] An update is available.
[2025-08-20 02:51:33Z INFO Terminal] WRITE LINE: Runner update in progress, do not shutdown runner.
[2025-08-20 02:51:33Z INFO SelfUpdater] RunnerPlatform: win-x64
[2025-08-20 02:51:33Z INFO Terminal] WRITE LINE: Downloading 2.328.0 runner
[2025-08-20 02:51:33Z INFO HostContext] Well known directory 'Bin': 'C:\laragon\www\fiberx\actions-runner\bin'
[2025-08-20 02:51:33Z INFO HostContext] Well known directory 'Root': 'C:\laragon\www\fiberx\actions-runner'
[2025-08-20 02:51:33Z INFO HostContext] Well known directory 'Work': 'C:\laragon\www\fiberx\actions-runner\_work'
[2025-08-20 02:51:33Z INFO Terminal] WRITE LINE: Runner update process finished.
[2025-08-20 02:51:33Z INFO SelfUpdater] System.IO.FileNotFoundException: 
File name: 'System.Linq.Parallel, Version=8.0.0.0, Culture=neutral, PublicKeyToken=b03f5f7f11d50a3a'
   at GitHub.Runner.Sdk.IOUtil.DeleteDirectory(String path, Boolean contentsOnly, Boolean continueOnContentDeleteError, CancellationToken cancellationToken)
   at GitHub.Runner.Sdk.IOUtil.DeleteDirectory(String path, CancellationToken cancellationToken)
   at GitHub.Runner.Listener.SelfUpdater.DownloadLatestRunner(CancellationToken token, String targetVersion)
   at GitHub.Runner.Listener.SelfUpdater.SelfUpdate(AgentRefreshMessage updateMessage, IJobDispatcher jobDispatcher, Boolean restartInteractiveRunner, CancellationToken token)
[2025-08-20 02:51:33Z INFO JobDispatcher] Shutting down JobDispatcher. Make sure all WorkerDispatcher has finished.
[2025-08-20 02:51:33Z INFO Runner] Deleting Runner Session...
[2025-08-20 02:51:34Z ERR  Terminal] WRITE ERROR: An error occurred: 
[2025-08-20 02:51:34Z ERR  Listener] System.IO.FileNotFoundException: 
File name: 'System.Linq.Parallel, Version=8.0.0.0, Culture=neutral, PublicKeyToken=b03f5f7f11d50a3a'
   at GitHub.Runner.Sdk.IOUtil.DeleteDirectory(String path, Boolean contentsOnly, Boolean continueOnContentDeleteError, CancellationToken cancellationToken)
   at GitHub.Runner.Sdk.IOUtil.DeleteDirectory(String path, CancellationToken cancellationToken)
   at GitHub.Runner.Listener.SelfUpdater.DownloadLatestRunner(CancellationToken token, String targetVersion)
   at GitHub.Runner.Listener.SelfUpdater.SelfUpdate(AgentRefreshMessage updateMessage, IJobDispatcher jobDispatcher, Boolean restartInteractiveRunner, CancellationToken token)
   at GitHub.Runner.Listener.SelfUpdater.SelfUpdate(AgentRefreshMessage updateMessage, IJobDispatcher jobDispatcher, Boolean restartInteractiveRunner, CancellationToken token)
   at GitHub.Runner.Listener.Runner.RunAsync(RunnerSettings settings, Boolean runOnce)
   at GitHub.Runner.Listener.Runner.RunAsync(RunnerSettings settings, Boolean runOnce)
   at GitHub.Runner.Listener.Runner.RunAsync(RunnerSettings settings, Boolean runOnce)
   at GitHub.Runner.Listener.Runner.ExecuteRunnerAsync(RunnerSettings settings, Boolean runOnce)
   at GitHub.Runner.Listener.Runner.ExecuteCommand(CommandSettings command)
   at GitHub.Runner.Listener.Program.MainAsync(IHostContext context, String[] args)
