[2025-08-16 02:51:41Z INFO HostContext] No proxy settings were found based on environmental variables (http_proxy/https_proxy/HTTP_PROXY/HTTPS_PROXY)
[2025-08-16 02:51:41Z INFO HostContext] Well known directory 'Bin': 'C:\laragon\www\fiberx\actions-runner\bin'
[2025-08-16 02:51:41Z INFO HostContext] Well known directory 'Root': 'C:\laragon\www\fiberx\actions-runner'
[2025-08-16 02:51:41Z INFO HostContext] Well known config file 'Credentials': 'C:\laragon\www\fiberx\actions-runner\.credentials'
[2025-08-16 02:51:42Z INFO HostContext] Well known directory 'Bin': 'C:\laragon\www\fiberx\actions-runner\bin'
[2025-08-16 02:51:42Z INFO HostContext] Well known directory 'Root': 'C:\laragon\www\fiberx\actions-runner'
[2025-08-16 02:51:42Z INFO HostContext] Well known config file 'Runner': 'C:\laragon\www\fiberx\actions-runner\.runner'
[2025-08-16 02:51:42Z INFO Listener] Runner is built for Windows (X64) - win-x64.
[2025-08-16 02:51:42Z INFO Listener] RuntimeInformation: Microsoft Windows 10.0.19045.
[2025-08-16 02:51:42Z INFO Listener] Version: 2.327.1
[2025-08-16 02:51:42Z INFO Listener] Commit: 9513afd82fbc900d13362cdd4fcdab0538f5124e
[2025-08-16 02:51:42Z INFO Listener] Culture: en-US
[2025-08-16 02:51:42Z INFO Listener] UI Culture: en-US
[2025-08-16 02:51:42Z INFO HostContext] Well known directory 'Bin': 'C:\laragon\www\fiberx\actions-runner\bin'
[2025-08-16 02:51:42Z INFO HostContext] Well known directory 'Root': 'C:\laragon\www\fiberx\actions-runner'
[2025-08-16 02:51:42Z INFO Listener] Validating directory permissions for: 'C:\laragon\www\fiberx\actions-runner'
[2025-08-16 02:51:42Z INFO CommandLineParser] Parse
[2025-08-16 02:51:42Z INFO CommandLineParser] Parsing 1 args
[2025-08-16 02:51:42Z INFO CommandLineParser] parsing argument
[2025-08-16 02:51:42Z INFO CommandLineParser] HasArgs: False
[2025-08-16 02:51:42Z INFO CommandLineParser] Adding Command: run
[2025-08-16 02:51:42Z INFO Listener] Arguments parsed
[2025-08-16 02:51:42Z INFO Runner] ExecuteCommand
[2025-08-16 02:51:42Z INFO ConfigurationStore] currentAssemblyLocation: C:\laragon\www\fiberx\actions-runner\bin\Runner.Listener.dll
[2025-08-16 02:51:42Z INFO HostContext] Well known directory 'Bin': 'C:\laragon\www\fiberx\actions-runner\bin'
[2025-08-16 02:51:42Z INFO ConfigurationStore] binPath: C:\laragon\www\fiberx\actions-runner\bin
[2025-08-16 02:51:42Z INFO HostContext] Well known directory 'Bin': 'C:\laragon\www\fiberx\actions-runner\bin'
[2025-08-16 02:51:42Z INFO HostContext] Well known directory 'Root': 'C:\laragon\www\fiberx\actions-runner'
[2025-08-16 02:51:42Z INFO ConfigurationStore] RootFolder: C:\laragon\www\fiberx\actions-runner
[2025-08-16 02:51:42Z INFO HostContext] Well known directory 'Bin': 'C:\laragon\www\fiberx\actions-runner\bin'
[2025-08-16 02:51:42Z INFO HostContext] Well known directory 'Root': 'C:\laragon\www\fiberx\actions-runner'
[2025-08-16 02:51:42Z INFO HostContext] Well known config file 'Runner': 'C:\laragon\www\fiberx\actions-runner\.runner'
[2025-08-16 02:51:42Z INFO ConfigurationStore] ConfigFilePath: C:\laragon\www\fiberx\actions-runner\.runner
[2025-08-16 02:51:42Z INFO HostContext] Well known directory 'Bin': 'C:\laragon\www\fiberx\actions-runner\bin'
[2025-08-16 02:51:42Z INFO HostContext] Well known directory 'Root': 'C:\laragon\www\fiberx\actions-runner'
[2025-08-16 02:51:42Z INFO HostContext] Well known config file 'MigratedRunner': 'C:\laragon\www\fiberx\actions-runner\.runner_migrated'
[2025-08-16 02:51:42Z INFO ConfigurationStore] MigratedConfigFilePath: C:\laragon\www\fiberx\actions-runner\.runner_migrated
[2025-08-16 02:51:42Z INFO HostContext] Well known directory 'Bin': 'C:\laragon\www\fiberx\actions-runner\bin'
[2025-08-16 02:51:42Z INFO HostContext] Well known directory 'Root': 'C:\laragon\www\fiberx\actions-runner'
[2025-08-16 02:51:42Z INFO HostContext] Well known config file 'Credentials': 'C:\laragon\www\fiberx\actions-runner\.credentials'
[2025-08-16 02:51:42Z INFO ConfigurationStore] CredFilePath: C:\laragon\www\fiberx\actions-runner\.credentials
[2025-08-16 02:51:42Z INFO HostContext] Well known directory 'Bin': 'C:\laragon\www\fiberx\actions-runner\bin'
[2025-08-16 02:51:42Z INFO HostContext] Well known directory 'Root': 'C:\laragon\www\fiberx\actions-runner'
[2025-08-16 02:51:42Z INFO HostContext] Well known config file 'MigratedCredentials': 'C:\laragon\www\fiberx\actions-runner\.credentials_migrated'
[2025-08-16 02:51:42Z INFO ConfigurationStore] MigratedCredFilePath: C:\laragon\www\fiberx\actions-runner\.credentials_migrated
[2025-08-16 02:51:42Z INFO HostContext] Well known directory 'Bin': 'C:\laragon\www\fiberx\actions-runner\bin'
[2025-08-16 02:51:42Z INFO HostContext] Well known directory 'Root': 'C:\laragon\www\fiberx\actions-runner'
[2025-08-16 02:51:42Z INFO HostContext] Well known config file 'Service': 'C:\laragon\www\fiberx\actions-runner\.service'
[2025-08-16 02:51:42Z INFO ConfigurationStore] ServiceConfigFilePath: C:\laragon\www\fiberx\actions-runner\.service
[2025-08-16 02:51:42Z INFO CommandSettings] Flag 'help': 'False'
[2025-08-16 02:51:42Z INFO CommandSettings] Flag 'version': 'False'
[2025-08-16 02:51:42Z INFO CommandSettings] Flag 'commit': 'False'
[2025-08-16 02:51:42Z INFO CommandSettings] Flag 'check': 'False'
[2025-08-16 02:51:42Z INFO CommandSettings] Command 'configure': 'False'
[2025-08-16 02:51:42Z INFO CommandSettings] Command 'remove': 'False'
[2025-08-16 02:51:42Z INFO CommandSettings] Command 'warmup': 'False'
[2025-08-16 02:51:42Z INFO ConfigurationManager] LoadSettings
[2025-08-16 02:51:42Z INFO ConfigurationStore] IsConfigured()
[2025-08-16 02:51:42Z INFO ConfigurationStore] IsConfigured: True
[2025-08-16 02:51:42Z INFO ConfigurationManager] Is configured: True
[2025-08-16 02:51:42Z INFO ConfigurationStore] Read setting file: 386 chars
[2025-08-16 02:51:42Z INFO ConfigurationManager] Settings Loaded
[2025-08-16 02:51:42Z INFO ConfigurationStore] IsServiceConfigured()
[2025-08-16 02:51:42Z INFO ConfigurationStore] IsServiceConfigured: False
[2025-08-16 02:51:42Z INFO CommandSettings] Command 'run': 'True'
[2025-08-16 02:51:42Z INFO ConfigurationStore] IsConfigured()
[2025-08-16 02:51:42Z INFO ConfigurationStore] IsConfigured: True
[2025-08-16 02:51:42Z INFO ConfigurationManager] Is configured: True
[2025-08-16 02:51:42Z INFO Runner] Could not parse the argument value '' for StartupType. Defaulting to Manual
[2025-08-16 02:51:42Z INFO Runner] Set runner startup type - Manual
[2025-08-16 02:51:42Z INFO CommandSettings] Flag 'once': 'False'
[2025-08-16 02:51:42Z INFO CommandSettings] Flag 'once': 'False'
[2025-08-16 02:51:42Z INFO Runner] RunAsync
[2025-08-16 02:51:42Z INFO ConfigurationManager] LoadMigratedSettings
[2025-08-16 02:51:42Z INFO ConfigurationStore] IsMigratedConfigured()
[2025-08-16 02:51:42Z INFO ConfigurationStore] IsMigratedConfigured: True
[2025-08-16 02:51:42Z INFO ConfigurationStore] Read migrated setting file: 386 chars
[2025-08-16 02:51:42Z INFO ConfigurationManager] Migrated Settings Loaded
[2025-08-16 02:51:42Z INFO Runner] Loaded migrated settings from .runner_migrated file
[2025-08-16 02:51:42Z INFO Runner] {
  "AgentId": 22,
  "AgentName": "JO",
  "PoolId": 1,
  "PoolName": "Default",
  "ServerUrl": "https://pipelinesghubeus15.actions.githubusercontent.com/HLVvYa4EQ4gmli2xAFp0jlQMUfJshCbH1feiOknxmXHeaFb9SZ/",
  "GitHubUrl": "https://github.com/jauharimalik/fiberx",
  "WorkFolder": "_work",
  "UseV2Flow": true,
  "ServerUrlV2": "https://broker.actions.githubusercontent.com/"
}
[2025-08-16 02:51:42Z INFO Runner] Attempting to create session using migrated settings
[2025-08-16 02:51:42Z INFO Runner] Using BrokerMessageListener
[2025-08-16 02:51:42Z INFO BrokerMessageListener] Using provided settings
[2025-08-16 02:51:42Z INFO BrokerMessageListener] Using migrated settings from .runner_migrated
[2025-08-16 02:51:42Z INFO BrokerMessageListener] {
  "AgentId": 22,
  "AgentName": "JO",
  "PoolId": 1,
  "PoolName": "Default",
  "ServerUrl": "https://pipelinesghubeus15.actions.githubusercontent.com/HLVvYa4EQ4gmli2xAFp0jlQMUfJshCbH1feiOknxmXHeaFb9SZ/",
  "GitHubUrl": "https://github.com/jauharimalik/fiberx",
  "WorkFolder": "_work",
  "UseV2Flow": true,
  "ServerUrlV2": "https://broker.actions.githubusercontent.com/"
}
[2025-08-16 02:51:42Z INFO BrokerMessageListener] Loading Credentials
[2025-08-16 02:51:42Z INFO ConfigurationStore] HasCredentials()
[2025-08-16 02:51:42Z INFO ConfigurationStore] stored True
[2025-08-16 02:51:42Z INFO CredentialManager] GetCredentialProvider
[2025-08-16 02:51:42Z INFO CredentialManager] Creating type OAuth
[2025-08-16 02:51:42Z INFO CredentialManager] Creating credential type: OAuth
[2025-08-16 02:51:42Z INFO HostContext] Well known directory 'Bin': 'C:\laragon\www\fiberx\actions-runner\bin'
[2025-08-16 02:51:42Z INFO HostContext] Well known directory 'Root': 'C:\laragon\www\fiberx\actions-runner'
[2025-08-16 02:51:42Z INFO HostContext] Well known config file 'RSACredentials': 'C:\laragon\www\fiberx\actions-runner\.credentials_rsaparams'
[2025-08-16 02:51:42Z INFO RSAEncryptedFileKeyManager] Loading RSA key parameters from file C:\laragon\www\fiberx\actions-runner\.credentials_rsaparams
[2025-08-16 02:51:42Z INFO BrokerMessageListener] Attempt to create session.
[2025-08-16 02:51:42Z INFO BrokerMessageListener] Connecting to the Broker Server...
[2025-08-16 02:51:42Z INFO ConfigurationStore] HasCredentials()
[2025-08-16 02:51:42Z INFO ConfigurationStore] stored True
[2025-08-16 02:51:42Z INFO CredentialManager] GetCredentialProvider
[2025-08-16 02:51:42Z INFO CredentialManager] Creating type OAuth
[2025-08-16 02:51:42Z INFO CredentialManager] Creating credential type: OAuth
[2025-08-16 02:51:42Z INFO RSAEncryptedFileKeyManager] Loading RSA key parameters from file C:\laragon\www\fiberx\actions-runner\.credentials_rsaparams
[2025-08-16 02:51:42Z INFO BrokerMessageListener] VssConnection created
[2025-08-16 02:51:42Z INFO BrokerMessageListener] Connecting to the Runner server...
[2025-08-16 02:51:42Z INFO RunnerServer] EstablishVssConnection
[2025-08-16 02:51:42Z INFO RunnerServer] Establish connection with 100 seconds timeout.
[2025-08-16 02:51:42Z INFO GitHubActionsService] Starting operation Location.GetConnectionData
[2025-08-16 02:51:42Z INFO RunnerServer] EstablishVssConnection
[2025-08-16 02:51:42Z INFO RunnerServer] Establish connection with 60 seconds timeout.
[2025-08-16 02:51:42Z INFO GitHubActionsService] Starting operation Location.GetConnectionData
[2025-08-16 02:51:42Z INFO RunnerServer] EstablishVssConnection
[2025-08-16 02:51:42Z INFO RunnerServer] Establish connection with 60 seconds timeout.
[2025-08-16 02:51:42Z INFO GitHubActionsService] Starting operation Location.GetConnectionData
[2025-08-16 02:51:43Z INFO GitHubActionsService] Finished operation Location.GetConnectionData
[2025-08-16 02:51:43Z INFO GitHubActionsService] Finished operation Location.GetConnectionData
[2025-08-16 02:51:43Z INFO GitHubActionsService] Finished operation Location.GetConnectionData
[2025-08-16 02:51:44Z INFO BrokerMessageListener] VssConnection created
[2025-08-16 02:51:44Z INFO Terminal] WRITE LINE: 
[2025-08-16 02:51:44Z INFO Terminal] WRITE LINE: 
[2025-08-16 02:51:44Z INFO RSAEncryptedFileKeyManager] Loading RSA key parameters from file C:\laragon\www\fiberx\actions-runner\.credentials_rsaparams
[2025-08-16 02:51:44Z INFO RSAEncryptedFileKeyManager] Loading RSA key parameters from file C:\laragon\www\fiberx\actions-runner\.credentials_rsaparams
[2025-08-16 02:51:45Z INFO GitHubActionsService] AAD Correlation ID for this token request: Unknown
[2025-08-16 02:51:46Z INFO BrokerMessageListener] Session created.
[2025-08-16 02:51:46Z INFO Runner] Successfully created session with migrated settings
[2025-08-16 02:51:46Z INFO Terminal] WRITE LINE: Current runner version: '2.327.1'
[2025-08-16 02:51:46Z INFO Terminal] WRITE LINE: 2025-08-16 02:51:46Z: Listening for Jobs
[2025-08-16 02:51:46Z INFO JobDispatcher] Set runner/worker IPC timeout to 30 seconds.
[2025-08-16 03:42:03Z INFO RSAEncryptedFileKeyManager] Loading RSA key parameters from file C:\laragon\www\fiberx\actions-runner\.credentials_rsaparams
[2025-08-16 03:42:04Z INFO GitHubActionsService] AAD Correlation ID for this token request: Unknown
[2025-08-16 04:32:21Z INFO RSAEncryptedFileKeyManager] Loading RSA key parameters from file C:\laragon\www\fiberx\actions-runner\.credentials_rsaparams
[2025-08-16 04:32:22Z INFO GitHubActionsService] AAD Correlation ID for this token request: Unknown
[2025-08-16 05:22:39Z INFO RSAEncryptedFileKeyManager] Loading RSA key parameters from file C:\laragon\www\fiberx\actions-runner\.credentials_rsaparams
[2025-08-16 05:22:40Z INFO GitHubActionsService] AAD Correlation ID for this token request: Unknown
[2025-08-16 06:12:57Z INFO RSAEncryptedFileKeyManager] Loading RSA key parameters from file C:\laragon\www\fiberx\actions-runner\.credentials_rsaparams
[2025-08-16 06:12:58Z INFO GitHubActionsService] AAD Correlation ID for this token request: Unknown
[2025-08-16 07:03:14Z INFO RSAEncryptedFileKeyManager] Loading RSA key parameters from file C:\laragon\www\fiberx\actions-runner\.credentials_rsaparams
[2025-08-16 07:03:16Z INFO GitHubActionsService] AAD Correlation ID for this token request: Unknown
[2025-08-16 07:53:32Z INFO RSAEncryptedFileKeyManager] Loading RSA key parameters from file C:\laragon\www\fiberx\actions-runner\.credentials_rsaparams
[2025-08-16 07:53:34Z INFO GitHubActionsService] AAD Correlation ID for this token request: Unknown
[2025-08-16 08:43:50Z INFO RSAEncryptedFileKeyManager] Loading RSA key parameters from file C:\laragon\www\fiberx\actions-runner\.credentials_rsaparams
[2025-08-16 08:43:52Z INFO GitHubActionsService] AAD Correlation ID for this token request: Unknown
[2025-08-16 09:34:08Z INFO RSAEncryptedFileKeyManager] Loading RSA key parameters from file C:\laragon\www\fiberx\actions-runner\.credentials_rsaparams
[2025-08-16 09:34:10Z INFO GitHubActionsService] AAD Correlation ID for this token request: Unknown
[2025-08-16 10:24:26Z INFO RSAEncryptedFileKeyManager] Loading RSA key parameters from file C:\laragon\www\fiberx\actions-runner\.credentials_rsaparams
[2025-08-16 10:24:27Z INFO GitHubActionsService] AAD Correlation ID for this token request: Unknown
[2025-08-16 11:14:47Z INFO RSAEncryptedFileKeyManager] Loading RSA key parameters from file C:\laragon\www\fiberx\actions-runner\.credentials_rsaparams
[2025-08-16 11:14:48Z INFO GitHubActionsService] AAD Correlation ID for this token request: Unknown
[2025-08-16 12:05:05Z INFO RSAEncryptedFileKeyManager] Loading RSA key parameters from file C:\laragon\www\fiberx\actions-runner\.credentials_rsaparams
[2025-08-16 12:05:06Z INFO GitHubActionsService] AAD Correlation ID for this token request: Unknown
[2025-08-16 12:55:23Z INFO RSAEncryptedFileKeyManager] Loading RSA key parameters from file C:\laragon\www\fiberx\actions-runner\.credentials_rsaparams
[2025-08-16 12:55:25Z INFO GitHubActionsService] AAD Correlation ID for this token request: Unknown
[2025-08-16 13:24:47Z INFO Runner] Received RunnerRefreshConfigMessage for 'runner' config file
[2025-08-16 13:24:47Z INFO RunnerConfigUpdater] Verifying runner qualified id: U_kgDOAIytEA/R_kgDOPco3gA/self-hosted/22
[2025-08-16 13:24:47Z INFO HostContext] Well known directory 'Bin': 'C:\laragon\www\fiberx\actions-runner\bin'
[2025-08-16 13:24:47Z INFO HostContext] Well known directory 'Root': 'C:\laragon\www\fiberx\actions-runner'
[2025-08-16 13:24:47Z INFO HostContext] Well known config file 'Runner': 'C:\laragon\www\fiberx\actions-runner\.runner'
[2025-08-16 13:24:48Z INFO RSAEncryptedFileKeyManager] Loading RSA key parameters from file C:\laragon\www\fiberx\actions-runner\.credentials_rsaparams
[2025-08-16 13:24:48Z INFO RSAEncryptedFileKeyManager] Loading RSA key parameters from file C:\laragon\www\fiberx\actions-runner\.credentials_rsaparams
[2025-08-16 13:24:49Z INFO GitHubActionsService] AAD Correlation ID for this token request: Unknown
[2025-08-16 13:24:49Z INFO ConfigurationStore] Saving runner migrated settings
[2025-08-16 13:24:49Z INFO ConfigurationStore] Delete exist runner migrated settings file.
[2025-08-16 13:24:49Z INFO ConfigurationStore] Migrated Settings Saved.
[2025-08-16 13:24:49Z INFO Runner] Runner configuration was updated. Session restart has been scheduled
[2025-08-16 13:24:49Z INFO Runner] Pending session restart detected and job dispatcher is not busy. Restarting session now.
[2025-08-16 13:24:49Z INFO JobDispatcher] Shutting down JobDispatcher. Make sure all WorkerDispatcher has finished.
[2025-08-16 13:24:49Z INFO Runner] Deleting Runner Session...
[2025-08-16 13:24:50Z INFO Runner] Restarting runner session after config update...
[2025-08-16 13:24:50Z INFO Runner] Runner configuration was refreshed, restarting session...
[2025-08-16 13:24:50Z INFO ConfigurationManager] LoadSettings
[2025-08-16 13:24:50Z INFO ConfigurationStore] IsConfigured()
[2025-08-16 13:24:50Z INFO ConfigurationStore] IsConfigured: True
[2025-08-16 13:24:50Z INFO ConfigurationManager] Is configured: True
[2025-08-16 13:24:50Z INFO ConfigurationManager] Settings Loaded
[2025-08-16 13:24:50Z INFO Runner] RunAsync
[2025-08-16 13:24:50Z INFO ConfigurationManager] LoadMigratedSettings
[2025-08-16 13:24:50Z INFO ConfigurationStore] IsMigratedConfigured()
[2025-08-16 13:24:50Z INFO ConfigurationStore] IsMigratedConfigured: True
[2025-08-16 13:24:50Z INFO ConfigurationManager] Migrated Settings Loaded
[2025-08-16 13:24:50Z INFO Runner] Loaded migrated settings from .runner_migrated file
[2025-08-16 13:24:50Z INFO Runner] {
  "AgentId": 22,
  "AgentName": "JO",
  "PoolId": 1,
  "PoolName": "Default",
  "ServerUrl": "https://pipelinesghubeus15.actions.githubusercontent.com/HLVvYa4EQ4gmli2xAFp0jlQMUfJshCbH1feiOknxmXHeaFb9SZ/",
  "GitHubUrl": "https://github.com/jauharimalik/fiberx",
  "WorkFolder": "_work",
  "UseV2Flow": true,
  "ServerUrlV2": "https://broker.actions.githubusercontent.com/"
}
[2025-08-16 13:24:50Z INFO Runner] Attempting to create session using migrated settings
[2025-08-16 13:24:50Z INFO Runner] Using BrokerMessageListener
[2025-08-16 13:24:50Z INFO BrokerMessageListener] Using provided settings
[2025-08-16 13:24:50Z INFO BrokerMessageListener] Using migrated settings from .runner_migrated
[2025-08-16 13:24:50Z INFO BrokerMessageListener] {
  "AgentId": 22,
  "AgentName": "JO",
  "PoolId": 1,
  "PoolName": "Default",
  "ServerUrl": "https://pipelinesghubeus15.actions.githubusercontent.com/HLVvYa4EQ4gmli2xAFp0jlQMUfJshCbH1feiOknxmXHeaFb9SZ/",
  "GitHubUrl": "https://github.com/jauharimalik/fiberx",
  "WorkFolder": "_work",
  "UseV2Flow": true,
  "ServerUrlV2": "https://broker.actions.githubusercontent.com/"
}
[2025-08-16 13:24:50Z INFO BrokerMessageListener] Loading Credentials
[2025-08-16 13:24:50Z INFO ConfigurationStore] HasCredentials()
[2025-08-16 13:24:50Z INFO ConfigurationStore] stored True
[2025-08-16 13:24:50Z INFO CredentialManager] GetCredentialProvider
[2025-08-16 13:24:50Z INFO CredentialManager] Creating type OAuth
[2025-08-16 13:24:50Z INFO CredentialManager] Creating credential type: OAuth
[2025-08-16 13:24:50Z INFO RSAEncryptedFileKeyManager] Loading RSA key parameters from file C:\laragon\www\fiberx\actions-runner\.credentials_rsaparams
[2025-08-16 13:24:50Z INFO BrokerMessageListener] Attempt to create session.
[2025-08-16 13:24:50Z INFO BrokerMessageListener] Connecting to the Broker Server...
[2025-08-16 13:24:50Z INFO ConfigurationStore] HasCredentials()
[2025-08-16 13:24:50Z INFO ConfigurationStore] stored True
[2025-08-16 13:24:50Z INFO CredentialManager] GetCredentialProvider
[2025-08-16 13:24:50Z INFO CredentialManager] Creating type OAuth
[2025-08-16 13:24:50Z INFO CredentialManager] Creating credential type: OAuth
[2025-08-16 13:24:50Z INFO RSAEncryptedFileKeyManager] Loading RSA key parameters from file C:\laragon\www\fiberx\actions-runner\.credentials_rsaparams
[2025-08-16 13:24:50Z INFO BrokerMessageListener] VssConnection created
[2025-08-16 13:24:50Z INFO BrokerMessageListener] Connecting to the Runner server...
[2025-08-16 13:24:50Z INFO RunnerServer] EstablishVssConnection
[2025-08-16 13:24:50Z INFO RunnerServer] Establish connection with 100 seconds timeout.
[2025-08-16 13:24:50Z INFO GitHubActionsService] Starting operation Location.GetConnectionData
[2025-08-16 13:24:50Z INFO RunnerServer] EstablishVssConnection
[2025-08-16 13:24:50Z INFO RunnerServer] Establish connection with 60 seconds timeout.
[2025-08-16 13:24:50Z INFO GitHubActionsService] Starting operation Location.GetConnectionData
[2025-08-16 13:24:50Z INFO RunnerServer] EstablishVssConnection
[2025-08-16 13:24:50Z INFO RunnerServer] Establish connection with 60 seconds timeout.
[2025-08-16 13:24:50Z INFO GitHubActionsService] Starting operation Location.GetConnectionData
[2025-08-16 13:24:50Z INFO GitHubActionsService] Finished operation Location.GetConnectionData
[2025-08-16 13:24:51Z INFO GitHubActionsService] Finished operation Location.GetConnectionData
[2025-08-16 13:24:51Z INFO GitHubActionsService] Finished operation Location.GetConnectionData
[2025-08-16 13:24:51Z INFO BrokerMessageListener] VssConnection created
[2025-08-16 13:24:51Z INFO Terminal] WRITE LINE: 
[2025-08-16 13:24:51Z INFO Terminal] WRITE LINE: 
[2025-08-16 13:24:51Z INFO RSAEncryptedFileKeyManager] Loading RSA key parameters from file C:\laragon\www\fiberx\actions-runner\.credentials_rsaparams
[2025-08-16 13:24:51Z INFO RSAEncryptedFileKeyManager] Loading RSA key parameters from file C:\laragon\www\fiberx\actions-runner\.credentials_rsaparams
[2025-08-16 13:24:52Z INFO GitHubActionsService] AAD Correlation ID for this token request: Unknown
[2025-08-16 13:24:53Z INFO BrokerMessageListener] Session created.
[2025-08-16 13:24:53Z INFO Runner] Successfully created session with migrated settings
[2025-08-16 13:24:53Z INFO Terminal] WRITE LINE: Current runner version: '2.327.1'
[2025-08-16 13:24:53Z INFO Terminal] WRITE LINE: 2025-08-16 13:24:53Z: Listening for Jobs
[2025-08-16 13:24:53Z INFO JobDispatcher] Set runner/worker IPC timeout to 30 seconds.
[2025-08-16 14:15:09Z INFO RSAEncryptedFileKeyManager] Loading RSA key parameters from file C:\laragon\www\fiberx\actions-runner\.credentials_rsaparams
[2025-08-16 14:15:10Z INFO GitHubActionsService] AAD Correlation ID for this token request: Unknown
[2025-08-16 15:05:27Z INFO RSAEncryptedFileKeyManager] Loading RSA key parameters from file C:\laragon\www\fiberx\actions-runner\.credentials_rsaparams
[2025-08-16 15:05:29Z INFO GitHubActionsService] AAD Correlation ID for this token request: Unknown
