[2025-08-19 02:36:13Z INFO HostContext] No proxy settings were found based on environmental variables (http_proxy/https_proxy/HTTP_PROXY/HTTPS_PROXY)
[2025-08-19 02:36:13Z INFO HostContext] Well known directory 'Bin': 'C:\laragon\www\fiberx\actions-runner\bin'
[2025-08-19 02:36:13Z INFO HostContext] Well known directory 'Root': 'C:\laragon\www\fiberx\actions-runner'
[2025-08-19 02:36:13Z INFO HostContext] Well known config file 'Credentials': 'C:\laragon\www\fiberx\actions-runner\.credentials'
[2025-08-19 02:36:14Z INFO HostContext] Well known directory 'Bin': 'C:\laragon\www\fiberx\actions-runner\bin'
[2025-08-19 02:36:14Z INFO HostContext] Well known directory 'Root': 'C:\laragon\www\fiberx\actions-runner'
[2025-08-19 02:36:14Z INFO HostContext] Well known config file 'Runner': 'C:\laragon\www\fiberx\actions-runner\.runner'
[2025-08-19 02:36:14Z INFO Listener] Runner is built for Windows (X64) - win-x64.
[2025-08-19 02:36:14Z INFO Listener] RuntimeInformation: Microsoft Windows 10.0.19045.
[2025-08-19 02:36:14Z INFO Listener] Version: 2.327.1
[2025-08-19 02:36:14Z INFO Listener] Commit: 9513afd82fbc900d13362cdd4fcdab0538f5124e
[2025-08-19 02:36:14Z INFO Listener] Culture: en-US
[2025-08-19 02:36:14Z INFO Listener] UI Culture: en-US
[2025-08-19 02:36:14Z INFO HostContext] Well known directory 'Bin': 'C:\laragon\www\fiberx\actions-runner\bin'
[2025-08-19 02:36:14Z INFO HostContext] Well known directory 'Root': 'C:\laragon\www\fiberx\actions-runner'
[2025-08-19 02:36:14Z INFO Listener] Validating directory permissions for: 'C:\laragon\www\fiberx\actions-runner'
[2025-08-19 02:36:14Z INFO CommandLineParser] Parse
[2025-08-19 02:36:14Z INFO CommandLineParser] Parsing 3 args
[2025-08-19 02:36:14Z INFO CommandLineParser] parsing argument
[2025-08-19 02:36:14Z INFO CommandLineParser] HasArgs: False
[2025-08-19 02:36:14Z INFO CommandLineParser] Adding Command: run
[2025-08-19 02:36:14Z INFO CommandLineParser] parsing argument
[2025-08-19 02:36:14Z INFO CommandLineParser] HasArgs: True
[2025-08-19 02:36:14Z INFO CommandLineParser] arg: startuptype
[2025-08-19 02:36:14Z INFO CommandLineParser] parsing argument
[2025-08-19 02:36:14Z INFO CommandLineParser] HasArgs: True
[2025-08-19 02:36:14Z INFO CommandLineParser] Adding option 'startuptype': 'service'
[2025-08-19 02:36:14Z INFO Listener] Arguments parsed
[2025-08-19 02:36:14Z INFO Runner] ExecuteCommand
[2025-08-19 02:36:14Z INFO ConfigurationStore] currentAssemblyLocation: C:\laragon\www\fiberx\actions-runner\bin\Runner.Listener.dll
[2025-08-19 02:36:14Z INFO HostContext] Well known directory 'Bin': 'C:\laragon\www\fiberx\actions-runner\bin'
[2025-08-19 02:36:14Z INFO ConfigurationStore] binPath: C:\laragon\www\fiberx\actions-runner\bin
[2025-08-19 02:36:14Z INFO HostContext] Well known directory 'Bin': 'C:\laragon\www\fiberx\actions-runner\bin'
[2025-08-19 02:36:14Z INFO HostContext] Well known directory 'Root': 'C:\laragon\www\fiberx\actions-runner'
[2025-08-19 02:36:14Z INFO ConfigurationStore] RootFolder: C:\laragon\www\fiberx\actions-runner
[2025-08-19 02:36:14Z INFO HostContext] Well known directory 'Bin': 'C:\laragon\www\fiberx\actions-runner\bin'
[2025-08-19 02:36:14Z INFO HostContext] Well known directory 'Root': 'C:\laragon\www\fiberx\actions-runner'
[2025-08-19 02:36:14Z INFO HostContext] Well known config file 'Runner': 'C:\laragon\www\fiberx\actions-runner\.runner'
[2025-08-19 02:36:14Z INFO ConfigurationStore] ConfigFilePath: C:\laragon\www\fiberx\actions-runner\.runner
[2025-08-19 02:36:14Z INFO HostContext] Well known directory 'Bin': 'C:\laragon\www\fiberx\actions-runner\bin'
[2025-08-19 02:36:14Z INFO HostContext] Well known directory 'Root': 'C:\laragon\www\fiberx\actions-runner'
[2025-08-19 02:36:14Z INFO HostContext] Well known config file 'MigratedRunner': 'C:\laragon\www\fiberx\actions-runner\.runner_migrated'
[2025-08-19 02:36:14Z INFO ConfigurationStore] MigratedConfigFilePath: C:\laragon\www\fiberx\actions-runner\.runner_migrated
[2025-08-19 02:36:14Z INFO HostContext] Well known directory 'Bin': 'C:\laragon\www\fiberx\actions-runner\bin'
[2025-08-19 02:36:14Z INFO HostContext] Well known directory 'Root': 'C:\laragon\www\fiberx\actions-runner'
[2025-08-19 02:36:14Z INFO HostContext] Well known config file 'Credentials': 'C:\laragon\www\fiberx\actions-runner\.credentials'
[2025-08-19 02:36:14Z INFO ConfigurationStore] CredFilePath: C:\laragon\www\fiberx\actions-runner\.credentials
[2025-08-19 02:36:14Z INFO HostContext] Well known directory 'Bin': 'C:\laragon\www\fiberx\actions-runner\bin'
[2025-08-19 02:36:14Z INFO HostContext] Well known directory 'Root': 'C:\laragon\www\fiberx\actions-runner'
[2025-08-19 02:36:14Z INFO HostContext] Well known config file 'MigratedCredentials': 'C:\laragon\www\fiberx\actions-runner\.credentials_migrated'
[2025-08-19 02:36:14Z INFO ConfigurationStore] MigratedCredFilePath: C:\laragon\www\fiberx\actions-runner\.credentials_migrated
[2025-08-19 02:36:14Z INFO HostContext] Well known directory 'Bin': 'C:\laragon\www\fiberx\actions-runner\bin'
[2025-08-19 02:36:14Z INFO HostContext] Well known directory 'Root': 'C:\laragon\www\fiberx\actions-runner'
[2025-08-19 02:36:14Z INFO HostContext] Well known config file 'Service': 'C:\laragon\www\fiberx\actions-runner\.service'
[2025-08-19 02:36:14Z INFO ConfigurationStore] ServiceConfigFilePath: C:\laragon\www\fiberx\actions-runner\.service
[2025-08-19 02:36:14Z INFO CommandSettings] Flag 'help': 'False'
[2025-08-19 02:36:14Z INFO CommandSettings] Flag 'version': 'False'
[2025-08-19 02:36:14Z INFO CommandSettings] Flag 'commit': 'False'
[2025-08-19 02:36:14Z INFO CommandSettings] Flag 'check': 'False'
[2025-08-19 02:36:14Z INFO CommandSettings] Command 'configure': 'False'
[2025-08-19 02:36:14Z INFO CommandSettings] Command 'remove': 'False'
[2025-08-19 02:36:14Z INFO CommandSettings] Command 'warmup': 'False'
[2025-08-19 02:36:14Z INFO ConfigurationManager] LoadSettings
[2025-08-19 02:36:14Z INFO ConfigurationStore] IsConfigured()
[2025-08-19 02:36:14Z INFO ConfigurationStore] IsConfigured: True
[2025-08-19 02:36:14Z INFO ConfigurationManager] Is configured: True
[2025-08-19 02:36:14Z INFO ConfigurationStore] Read setting file: 386 chars
[2025-08-19 02:36:14Z INFO ConfigurationManager] Settings Loaded
[2025-08-19 02:36:14Z INFO ConfigurationStore] IsServiceConfigured()
[2025-08-19 02:36:14Z INFO ConfigurationStore] IsServiceConfigured: False
[2025-08-19 02:36:14Z INFO CommandSettings] Command 'run': 'True'
[2025-08-19 02:36:14Z INFO ConfigurationStore] IsConfigured()
[2025-08-19 02:36:14Z INFO ConfigurationStore] IsConfigured: True
[2025-08-19 02:36:14Z INFO ConfigurationManager] Is configured: True
[2025-08-19 02:36:14Z INFO Runner] Set runner startup type - Service
[2025-08-19 02:36:14Z INFO CommandSettings] Flag 'once': 'False'
[2025-08-19 02:36:14Z INFO CommandSettings] Flag 'once': 'False'
[2025-08-19 02:36:14Z INFO Runner] RunAsync
[2025-08-19 02:36:14Z INFO ConfigurationManager] LoadMigratedSettings
[2025-08-19 02:36:14Z INFO ConfigurationStore] IsMigratedConfigured()
[2025-08-19 02:36:14Z INFO ConfigurationStore] IsMigratedConfigured: True
[2025-08-19 02:36:14Z INFO ConfigurationStore] Read migrated setting file: 386 chars
[2025-08-19 02:36:14Z INFO ConfigurationManager] Migrated Settings Loaded
[2025-08-19 02:36:14Z INFO Runner] Loaded migrated settings from .runner_migrated file
[2025-08-19 02:36:14Z INFO Runner] {
  "AgentId": 22,
  "AgentName": "JO",
  "PoolId": 1,
  "PoolName": "Default",
  "ServerUrl": "https://pipelinesghubeus15.actions.githubusercontent.com/HLVvYa4EQ4gmli2xAFp0jlQMUfJshCbH1feiOknxmXHeaFb9SZ/",
  "GitHubUrl": "https://github.com/jauharimalik/fiberx",
  "WorkFolder": "_work",
  "UseV2Flow": true,
  "ServerUrlV2": "https://broker.actions.githubusercontent.com/"
}
[2025-08-19 02:36:14Z INFO Runner] Attempting to create session using migrated settings
[2025-08-19 02:36:14Z INFO Runner] Using BrokerMessageListener
[2025-08-19 02:36:14Z INFO BrokerMessageListener] Using provided settings
[2025-08-19 02:36:14Z INFO BrokerMessageListener] Using migrated settings from .runner_migrated
[2025-08-19 02:36:14Z INFO BrokerMessageListener] {
  "AgentId": 22,
  "AgentName": "JO",
  "PoolId": 1,
  "PoolName": "Default",
  "ServerUrl": "https://pipelinesghubeus15.actions.githubusercontent.com/HLVvYa4EQ4gmli2xAFp0jlQMUfJshCbH1feiOknxmXHeaFb9SZ/",
  "GitHubUrl": "https://github.com/jauharimalik/fiberx",
  "WorkFolder": "_work",
  "UseV2Flow": true,
  "ServerUrlV2": "https://broker.actions.githubusercontent.com/"
}
[2025-08-19 02:36:14Z INFO BrokerMessageListener] Loading Credentials
[2025-08-19 02:36:14Z INFO ConfigurationStore] HasCredentials()
[2025-08-19 02:36:14Z INFO ConfigurationStore] stored True
[2025-08-19 02:36:14Z INFO CredentialManager] GetCredentialProvider
[2025-08-19 02:36:14Z INFO CredentialManager] Creating type OAuth
[2025-08-19 02:36:14Z INFO CredentialManager] Creating credential type: OAuth
[2025-08-19 02:36:14Z INFO HostContext] Well known directory 'Bin': 'C:\laragon\www\fiberx\actions-runner\bin'
[2025-08-19 02:36:14Z INFO HostContext] Well known directory 'Root': 'C:\laragon\www\fiberx\actions-runner'
[2025-08-19 02:36:14Z INFO HostContext] Well known config file 'RSACredentials': 'C:\laragon\www\fiberx\actions-runner\.credentials_rsaparams'
[2025-08-19 02:36:14Z INFO RSAEncryptedFileKeyManager] Loading RSA key parameters from file C:\laragon\www\fiberx\actions-runner\.credentials_rsaparams
[2025-08-19 02:36:14Z INFO BrokerMessageListener] Attempt to create session.
[2025-08-19 02:36:14Z INFO BrokerMessageListener] Connecting to the Broker Server...
[2025-08-19 02:36:14Z INFO ConfigurationStore] HasCredentials()
[2025-08-19 02:36:14Z INFO ConfigurationStore] stored True
[2025-08-19 02:36:14Z INFO CredentialManager] GetCredentialProvider
[2025-08-19 02:36:14Z INFO CredentialManager] Creating type OAuth
[2025-08-19 02:36:14Z INFO CredentialManager] Creating credential type: OAuth
[2025-08-19 02:36:14Z INFO RSAEncryptedFileKeyManager] Loading RSA key parameters from file C:\laragon\www\fiberx\actions-runner\.credentials_rsaparams
[2025-08-19 02:36:14Z INFO BrokerMessageListener] VssConnection created
[2025-08-19 02:36:14Z INFO BrokerMessageListener] Connecting to the Runner server...
[2025-08-19 02:36:14Z INFO RunnerServer] EstablishVssConnection
[2025-08-19 02:36:14Z INFO RunnerServer] Establish connection with 100 seconds timeout.
[2025-08-19 02:36:14Z INFO GitHubActionsService] Starting operation Location.GetConnectionData
[2025-08-19 02:36:14Z INFO RunnerServer] EstablishVssConnection
[2025-08-19 02:36:14Z INFO RunnerServer] Establish connection with 60 seconds timeout.
[2025-08-19 02:36:14Z INFO GitHubActionsService] Starting operation Location.GetConnectionData
[2025-08-19 02:36:14Z INFO RunnerServer] EstablishVssConnection
[2025-08-19 02:36:14Z INFO RunnerServer] Establish connection with 60 seconds timeout.
[2025-08-19 02:36:14Z INFO GitHubActionsService] Starting operation Location.GetConnectionData
[2025-08-19 02:36:16Z INFO GitHubActionsService] Finished operation Location.GetConnectionData
[2025-08-19 02:36:16Z INFO GitHubActionsService] Finished operation Location.GetConnectionData
[2025-08-19 02:36:17Z INFO GitHubActionsService] Finished operation Location.GetConnectionData
[2025-08-19 02:36:17Z INFO BrokerMessageListener] VssConnection created
[2025-08-19 02:36:17Z INFO Terminal] WRITE LINE: 
[2025-08-19 02:36:17Z INFO Terminal] WRITE LINE: 
[2025-08-19 02:36:17Z INFO RSAEncryptedFileKeyManager] Loading RSA key parameters from file C:\laragon\www\fiberx\actions-runner\.credentials_rsaparams
[2025-08-19 02:36:17Z INFO RSAEncryptedFileKeyManager] Loading RSA key parameters from file C:\laragon\www\fiberx\actions-runner\.credentials_rsaparams
[2025-08-19 02:36:20Z INFO GitHubActionsService] AAD Correlation ID for this token request: Unknown
[2025-08-19 02:36:20Z WARN GitHubActionsService] Retrieving an AAD auth token took a long time (2.5654455 seconds)
[2025-08-19 02:36:21Z INFO BrokerMessageListener] Session created.
[2025-08-19 02:36:21Z INFO Runner] Successfully created session with migrated settings
[2025-08-19 02:36:21Z INFO Terminal] WRITE LINE: Current runner version: '2.327.1'
[2025-08-19 02:36:21Z INFO Terminal] WRITE LINE: 2025-08-19 02:36:21Z: Listening for Jobs
[2025-08-19 02:36:21Z INFO JobDispatcher] Set runner/worker IPC timeout to 30 seconds.
[2025-08-19 02:36:37Z INFO Runner] Refresh message received, kick-off selfupdate background process.
[2025-08-19 02:36:37Z INFO RSAEncryptedFileKeyManager] Loading RSA key parameters from file C:\laragon\www\fiberx\actions-runner\.credentials_rsaparams
[2025-08-19 02:36:37Z INFO RSAEncryptedFileKeyManager] Loading RSA key parameters from file C:\laragon\www\fiberx\actions-runner\.credentials_rsaparams
[2025-08-19 02:36:38Z INFO GitHubActionsService] AAD Correlation ID for this token request: Unknown
[2025-08-19 02:36:39Z INFO SelfUpdater] Version '2.328.0' of 'agent' package available in server.
[2025-08-19 02:36:39Z INFO SelfUpdater] Current running runner version is 2.327.1
[2025-08-19 02:36:39Z INFO SelfUpdater] An update is available.
[2025-08-19 02:36:39Z INFO Terminal] WRITE LINE: Runner update in progress, do not shutdown runner.
[2025-08-19 02:36:39Z INFO SelfUpdater] RunnerPlatform: win-x64
[2025-08-19 02:36:39Z INFO Terminal] WRITE LINE: Downloading 2.328.0 runner
[2025-08-19 02:36:39Z INFO HostContext] Well known directory 'Bin': 'C:\laragon\www\fiberx\actions-runner\bin'
[2025-08-19 02:36:39Z INFO HostContext] Well known directory 'Root': 'C:\laragon\www\fiberx\actions-runner'
[2025-08-19 02:36:39Z INFO HostContext] Well known directory 'Work': 'C:\laragon\www\fiberx\actions-runner\_work'
[2025-08-19 02:36:40Z INFO Terminal] WRITE LINE: Runner update process finished.
[2025-08-19 02:36:40Z INFO SelfUpdater] System.IO.FileNotFoundException: 
File name: 'System.Linq.Parallel, Version=8.0.0.0, Culture=neutral, PublicKeyToken=b03f5f7f11d50a3a'
   at GitHub.Runner.Sdk.IOUtil.DeleteDirectory(String path, Boolean contentsOnly, Boolean continueOnContentDeleteError, CancellationToken cancellationToken)
   at GitHub.Runner.Sdk.IOUtil.DeleteDirectory(String path, CancellationToken cancellationToken)
   at GitHub.Runner.Listener.SelfUpdater.DownloadLatestRunner(CancellationToken token, String targetVersion)
   at GitHub.Runner.Listener.SelfUpdater.SelfUpdate(AgentRefreshMessage updateMessage, IJobDispatcher jobDispatcher, Boolean restartInteractiveRunner, CancellationToken token)
[2025-08-19 02:36:40Z INFO JobDispatcher] Shutting down JobDispatcher. Make sure all WorkerDispatcher has finished.
[2025-08-19 02:36:40Z INFO Runner] Deleting Runner Session...
[2025-08-19 02:36:43Z ERR  Terminal] WRITE ERROR: An error occurred: 
[2025-08-19 02:36:43Z ERR  Listener] System.IO.FileNotFoundException: 
File name: 'System.Linq.Parallel, Version=8.0.0.0, Culture=neutral, PublicKeyToken=b03f5f7f11d50a3a'
   at GitHub.Runner.Sdk.IOUtil.DeleteDirectory(String path, Boolean contentsOnly, Boolean continueOnContentDeleteError, CancellationToken cancellationToken)
   at GitHub.Runner.Sdk.IOUtil.DeleteDirectory(String path, CancellationToken cancellationToken)
   at GitHub.Runner.Listener.SelfUpdater.DownloadLatestRunner(CancellationToken token, String targetVersion)
   at GitHub.Runner.Listener.SelfUpdater.SelfUpdate(AgentRefreshMessage updateMessage, IJobDispatcher jobDispatcher, Boolean restartInteractiveRunner, CancellationToken token)
   at GitHub.Runner.Listener.SelfUpdater.SelfUpdate(AgentRefreshMessage updateMessage, IJobDispatcher jobDispatcher, Boolean restartInteractiveRunner, CancellationToken token)
   at GitHub.Runner.Listener.Runner.RunAsync(RunnerSettings settings, Boolean runOnce)
   at GitHub.Runner.Listener.Runner.RunAsync(RunnerSettings settings, Boolean runOnce)
   at GitHub.Runner.Listener.Runner.RunAsync(RunnerSettings settings, Boolean runOnce)
   at GitHub.Runner.Listener.Runner.ExecuteRunnerAsync(RunnerSettings settings, Boolean runOnce)
   at GitHub.Runner.Listener.Runner.ExecuteCommand(CommandSettings command)
   at GitHub.Runner.Listener.Program.MainAsync(IHostContext context, String[] args)
