[2025-08-14 21:34:33Z INFO HostContext] No proxy settings were found based on environmental variables (http_proxy/https_proxy/HTTP_PROXY/HTTPS_PROXY)
[2025-08-14 21:34:33Z INFO HostContext] Well known directory 'Bin': 'C:\laragon\www\fiberx\actions-runner\bin'
[2025-08-14 21:34:33Z INFO HostContext] Well known directory 'Root': 'C:\laragon\www\fiberx\actions-runner'
[2025-08-14 21:34:33Z INFO HostContext] Well known config file 'Credentials': 'C:\laragon\www\fiberx\actions-runner\.credentials'
[2025-08-14 21:34:33Z INFO HostContext] Well known directory 'Bin': 'C:\laragon\www\fiberx\actions-runner\bin'
[2025-08-14 21:34:33Z INFO HostContext] Well known directory 'Root': 'C:\laragon\www\fiberx\actions-runner'
[2025-08-14 21:34:33Z INFO HostContext] Well known config file 'Runner': 'C:\laragon\www\fiberx\actions-runner\.runner'
[2025-08-14 21:34:33Z INFO Listener] Runner is built for Windows (X64) - win-x64.
[2025-08-14 21:34:33Z INFO Listener] RuntimeInformation: Microsoft Windows 10.0.19045.
[2025-08-14 21:34:33Z INFO Listener] Version: 2.327.1
[2025-08-14 21:34:33Z INFO Listener] Commit: 9513afd82fbc900d13362cdd4fcdab0538f5124e
[2025-08-14 21:34:33Z INFO Listener] Culture: en-US
[2025-08-14 21:34:33Z INFO Listener] UI Culture: en-US
[2025-08-14 21:34:33Z INFO HostContext] Well known directory 'Bin': 'C:\laragon\www\fiberx\actions-runner\bin'
[2025-08-14 21:34:33Z INFO HostContext] Well known directory 'Root': 'C:\laragon\www\fiberx\actions-runner'
[2025-08-14 21:34:33Z INFO Listener] Validating directory permissions for: 'C:\laragon\www\fiberx\actions-runner'
[2025-08-14 21:34:33Z INFO CommandLineParser] Parse
[2025-08-14 21:34:33Z INFO CommandLineParser] Parsing 1 args
[2025-08-14 21:34:33Z INFO CommandLineParser] parsing argument
[2025-08-14 21:34:33Z INFO CommandLineParser] HasArgs: False
[2025-08-14 21:34:33Z INFO CommandLineParser] Adding Command: run
[2025-08-14 21:34:33Z INFO Listener] Arguments parsed
[2025-08-14 21:34:33Z INFO Runner] ExecuteCommand
[2025-08-14 21:34:33Z INFO ConfigurationStore] currentAssemblyLocation: C:\laragon\www\fiberx\actions-runner\bin\Runner.Listener.dll
[2025-08-14 21:34:33Z INFO HostContext] Well known directory 'Bin': 'C:\laragon\www\fiberx\actions-runner\bin'
[2025-08-14 21:34:33Z INFO ConfigurationStore] binPath: C:\laragon\www\fiberx\actions-runner\bin
[2025-08-14 21:34:33Z INFO HostContext] Well known directory 'Bin': 'C:\laragon\www\fiberx\actions-runner\bin'
[2025-08-14 21:34:33Z INFO HostContext] Well known directory 'Root': 'C:\laragon\www\fiberx\actions-runner'
[2025-08-14 21:34:33Z INFO ConfigurationStore] RootFolder: C:\laragon\www\fiberx\actions-runner
[2025-08-14 21:34:33Z INFO HostContext] Well known directory 'Bin': 'C:\laragon\www\fiberx\actions-runner\bin'
[2025-08-14 21:34:33Z INFO HostContext] Well known directory 'Root': 'C:\laragon\www\fiberx\actions-runner'
[2025-08-14 21:34:33Z INFO HostContext] Well known config file 'Runner': 'C:\laragon\www\fiberx\actions-runner\.runner'
[2025-08-14 21:34:33Z INFO ConfigurationStore] ConfigFilePath: C:\laragon\www\fiberx\actions-runner\.runner
[2025-08-14 21:34:33Z INFO HostContext] Well known directory 'Bin': 'C:\laragon\www\fiberx\actions-runner\bin'
[2025-08-14 21:34:33Z INFO HostContext] Well known directory 'Root': 'C:\laragon\www\fiberx\actions-runner'
[2025-08-14 21:34:33Z INFO HostContext] Well known config file 'MigratedRunner': 'C:\laragon\www\fiberx\actions-runner\.runner_migrated'
[2025-08-14 21:34:33Z INFO ConfigurationStore] MigratedConfigFilePath: C:\laragon\www\fiberx\actions-runner\.runner_migrated
[2025-08-14 21:34:33Z INFO HostContext] Well known directory 'Bin': 'C:\laragon\www\fiberx\actions-runner\bin'
[2025-08-14 21:34:33Z INFO HostContext] Well known directory 'Root': 'C:\laragon\www\fiberx\actions-runner'
[2025-08-14 21:34:33Z INFO HostContext] Well known config file 'Credentials': 'C:\laragon\www\fiberx\actions-runner\.credentials'
[2025-08-14 21:34:33Z INFO ConfigurationStore] CredFilePath: C:\laragon\www\fiberx\actions-runner\.credentials
[2025-08-14 21:34:33Z INFO HostContext] Well known directory 'Bin': 'C:\laragon\www\fiberx\actions-runner\bin'
[2025-08-14 21:34:33Z INFO HostContext] Well known directory 'Root': 'C:\laragon\www\fiberx\actions-runner'
[2025-08-14 21:34:33Z INFO HostContext] Well known config file 'MigratedCredentials': 'C:\laragon\www\fiberx\actions-runner\.credentials_migrated'
[2025-08-14 21:34:33Z INFO ConfigurationStore] MigratedCredFilePath: C:\laragon\www\fiberx\actions-runner\.credentials_migrated
[2025-08-14 21:34:33Z INFO HostContext] Well known directory 'Bin': 'C:\laragon\www\fiberx\actions-runner\bin'
[2025-08-14 21:34:33Z INFO HostContext] Well known directory 'Root': 'C:\laragon\www\fiberx\actions-runner'
[2025-08-14 21:34:33Z INFO HostContext] Well known config file 'Service': 'C:\laragon\www\fiberx\actions-runner\.service'
[2025-08-14 21:34:33Z INFO ConfigurationStore] ServiceConfigFilePath: C:\laragon\www\fiberx\actions-runner\.service
[2025-08-14 21:34:33Z INFO CommandSettings] Flag 'help': 'False'
[2025-08-14 21:34:33Z INFO CommandSettings] Flag 'version': 'False'
[2025-08-14 21:34:33Z INFO CommandSettings] Flag 'commit': 'False'
[2025-08-14 21:34:33Z INFO CommandSettings] Flag 'check': 'False'
[2025-08-14 21:34:33Z INFO CommandSettings] Command 'configure': 'False'
[2025-08-14 21:34:33Z INFO CommandSettings] Command 'remove': 'False'
[2025-08-14 21:34:33Z INFO CommandSettings] Command 'warmup': 'False'
[2025-08-14 21:34:33Z INFO ConfigurationManager] LoadSettings
[2025-08-14 21:34:33Z INFO ConfigurationStore] IsConfigured()
[2025-08-14 21:34:33Z INFO ConfigurationStore] IsConfigured: True
[2025-08-14 21:34:33Z INFO ConfigurationManager] Is configured: True
[2025-08-14 21:34:33Z INFO ConfigurationStore] Read setting file: 386 chars
[2025-08-14 21:34:33Z INFO ConfigurationManager] Settings Loaded
[2025-08-14 21:34:33Z INFO ConfigurationStore] IsServiceConfigured()
[2025-08-14 21:34:33Z INFO ConfigurationStore] IsServiceConfigured: False
[2025-08-14 21:34:33Z INFO CommandSettings] Command 'run': 'True'
[2025-08-14 21:34:33Z INFO ConfigurationStore] IsConfigured()
[2025-08-14 21:34:33Z INFO ConfigurationStore] IsConfigured: True
[2025-08-14 21:34:33Z INFO ConfigurationManager] Is configured: True
[2025-08-14 21:34:33Z INFO Runner] Could not parse the argument value '' for StartupType. Defaulting to Manual
[2025-08-14 21:34:33Z INFO Runner] Set runner startup type - Manual
[2025-08-14 21:34:33Z INFO CommandSettings] Flag 'once': 'False'
[2025-08-14 21:34:33Z INFO CommandSettings] Flag 'once': 'False'
[2025-08-14 21:34:33Z INFO Runner] RunAsync
[2025-08-14 21:34:33Z INFO ConfigurationManager] LoadMigratedSettings
[2025-08-14 21:34:33Z INFO ConfigurationStore] IsMigratedConfigured()
[2025-08-14 21:34:33Z INFO ConfigurationStore] IsMigratedConfigured: False
[2025-08-14 21:34:33Z INFO Runner] Failed to load migrated settings: No migrated configuration found.
[2025-08-14 21:34:33Z INFO Runner] Falling back to original .runner settings
[2025-08-14 21:34:33Z INFO Runner] Using BrokerMessageListener
[2025-08-14 21:34:33Z INFO BrokerMessageListener] Using provided settings
[2025-08-14 21:34:33Z INFO BrokerMessageListener] {
  "AgentId": 22,
  "AgentName": "JO",
  "PoolId": 1,
  "PoolName": "Default",
  "ServerUrl": "https://pipelinesghubeus15.actions.githubusercontent.com/HLVvYa4EQ4gmli2xAFp0jlQMUfJshCbH1feiOknxmXHeaFb9SZ/",
  "GitHubUrl": "https://github.com/jauharimalik/fiberx",
  "WorkFolder": "_work",
  "UseV2Flow": true,
  "ServerUrlV2": "https://broker.actions.githubusercontent.com/"
}
[2025-08-14 21:34:33Z INFO BrokerMessageListener] Loading Credentials
[2025-08-14 21:34:33Z INFO ConfigurationStore] HasCredentials()
[2025-08-14 21:34:33Z INFO ConfigurationStore] stored True
[2025-08-14 21:34:33Z INFO CredentialManager] GetCredentialProvider
[2025-08-14 21:34:33Z INFO CredentialManager] Creating type OAuth
[2025-08-14 21:34:33Z INFO CredentialManager] Creating credential type: OAuth
[2025-08-14 21:34:33Z INFO HostContext] Well known directory 'Bin': 'C:\laragon\www\fiberx\actions-runner\bin'
[2025-08-14 21:34:33Z INFO HostContext] Well known directory 'Root': 'C:\laragon\www\fiberx\actions-runner'
[2025-08-14 21:34:33Z INFO HostContext] Well known config file 'RSACredentials': 'C:\laragon\www\fiberx\actions-runner\.credentials_rsaparams'
[2025-08-14 21:34:33Z INFO RSAEncryptedFileKeyManager] Loading RSA key parameters from file C:\laragon\www\fiberx\actions-runner\.credentials_rsaparams
[2025-08-14 21:34:33Z INFO BrokerMessageListener] Attempt to create session.
[2025-08-14 21:34:33Z INFO BrokerMessageListener] Connecting to the Broker Server...
[2025-08-14 21:34:33Z INFO ConfigurationStore] HasCredentials()
[2025-08-14 21:34:33Z INFO ConfigurationStore] stored True
[2025-08-14 21:34:33Z INFO CredentialManager] GetCredentialProvider
[2025-08-14 21:34:33Z INFO CredentialManager] Creating type OAuth
[2025-08-14 21:34:33Z INFO CredentialManager] Creating credential type: OAuth
[2025-08-14 21:34:33Z INFO RSAEncryptedFileKeyManager] Loading RSA key parameters from file C:\laragon\www\fiberx\actions-runner\.credentials_rsaparams
[2025-08-14 21:34:33Z INFO BrokerMessageListener] VssConnection created
[2025-08-14 21:34:33Z INFO BrokerMessageListener] Connecting to the Runner server...
[2025-08-14 21:34:33Z INFO RunnerServer] EstablishVssConnection
[2025-08-14 21:34:33Z INFO RunnerServer] Establish connection with 100 seconds timeout.
[2025-08-14 21:34:33Z INFO GitHubActionsService] Starting operation Location.GetConnectionData
[2025-08-14 21:34:33Z INFO RunnerServer] EstablishVssConnection
[2025-08-14 21:34:33Z INFO RunnerServer] Establish connection with 60 seconds timeout.
[2025-08-14 21:34:33Z INFO GitHubActionsService] Starting operation Location.GetConnectionData
[2025-08-14 21:34:33Z INFO RunnerServer] EstablishVssConnection
[2025-08-14 21:34:33Z INFO RunnerServer] Establish connection with 60 seconds timeout.
[2025-08-14 21:34:33Z INFO GitHubActionsService] Starting operation Location.GetConnectionData
[2025-08-14 21:34:34Z INFO GitHubActionsService] Finished operation Location.GetConnectionData
[2025-08-14 21:34:34Z INFO GitHubActionsService] Finished operation Location.GetConnectionData
[2025-08-14 21:34:34Z INFO GitHubActionsService] Finished operation Location.GetConnectionData
[2025-08-14 21:34:35Z INFO BrokerMessageListener] VssConnection created
[2025-08-14 21:34:35Z INFO Terminal] WRITE LINE: 
[2025-08-14 21:34:35Z INFO Terminal] WRITE LINE: 
[2025-08-14 21:34:35Z INFO RSAEncryptedFileKeyManager] Loading RSA key parameters from file C:\laragon\www\fiberx\actions-runner\.credentials_rsaparams
[2025-08-14 21:34:35Z INFO RSAEncryptedFileKeyManager] Loading RSA key parameters from file C:\laragon\www\fiberx\actions-runner\.credentials_rsaparams
[2025-08-14 21:34:36Z INFO GitHubActionsService] AAD Correlation ID for this token request: Unknown
[2025-08-14 21:34:37Z INFO BrokerMessageListener] Session created.
[2025-08-14 21:34:37Z INFO Terminal] WRITE LINE: Current runner version: '2.327.1'
[2025-08-14 21:34:37Z INFO Terminal] WRITE LINE: 2025-08-14 21:34:37Z: Listening for Jobs
[2025-08-14 21:34:37Z INFO JobDispatcher] Set runner/worker IPC timeout to 30 seconds.
[2025-08-14 22:24:53Z INFO RSAEncryptedFileKeyManager] Loading RSA key parameters from file C:\laragon\www\fiberx\actions-runner\.credentials_rsaparams
[2025-08-14 22:24:54Z INFO GitHubActionsService] AAD Correlation ID for this token request: Unknown
[2025-08-14 23:15:13Z INFO RSAEncryptedFileKeyManager] Loading RSA key parameters from file C:\laragon\www\fiberx\actions-runner\.credentials_rsaparams
[2025-08-14 23:15:15Z INFO GitHubActionsService] AAD Correlation ID for this token request: Unknown
[2025-08-15 00:05:33Z INFO RSAEncryptedFileKeyManager] Loading RSA key parameters from file C:\laragon\www\fiberx\actions-runner\.credentials_rsaparams
[2025-08-15 00:05:37Z INFO GitHubActionsService] AAD Correlation ID for this token request: Unknown
[2025-08-15 00:05:37Z WARN GitHubActionsService] Retrieving an AAD auth token took a long time (4.518364 seconds)
[2025-08-15 00:55:54Z INFO RSAEncryptedFileKeyManager] Loading RSA key parameters from file C:\laragon\www\fiberx\actions-runner\.credentials_rsaparams
[2025-08-15 00:55:55Z INFO GitHubActionsService] AAD Correlation ID for this token request: Unknown
[2025-08-15 01:32:05Z INFO Runner] Received RunnerRefreshConfigMessage for 'runner' config file
[2025-08-15 01:32:05Z INFO RunnerConfigUpdater] Verifying runner qualified id: U_kgDOAIytEA/R_kgDOPco3gA/self-hosted/22
[2025-08-15 01:32:05Z INFO HostContext] Well known directory 'Bin': 'C:\laragon\www\fiberx\actions-runner\bin'
[2025-08-15 01:32:05Z INFO HostContext] Well known directory 'Root': 'C:\laragon\www\fiberx\actions-runner'
[2025-08-15 01:32:05Z INFO HostContext] Well known config file 'Runner': 'C:\laragon\www\fiberx\actions-runner\.runner'
[2025-08-15 01:32:06Z INFO RSAEncryptedFileKeyManager] Loading RSA key parameters from file C:\laragon\www\fiberx\actions-runner\.credentials_rsaparams
[2025-08-15 01:32:06Z INFO RSAEncryptedFileKeyManager] Loading RSA key parameters from file C:\laragon\www\fiberx\actions-runner\.credentials_rsaparams
[2025-08-15 01:32:08Z INFO GitHubActionsService] AAD Correlation ID for this token request: Unknown
[2025-08-15 01:32:08Z INFO ConfigurationStore] Saving runner migrated settings
[2025-08-15 01:32:08Z INFO ConfigurationStore] Migrated Settings Saved.
[2025-08-15 01:32:08Z INFO Runner] Runner configuration was updated. Session restart has been scheduled
[2025-08-15 01:32:08Z INFO Runner] Pending session restart detected and job dispatcher is not busy. Restarting session now.
[2025-08-15 01:32:08Z INFO JobDispatcher] Shutting down JobDispatcher. Make sure all WorkerDispatcher has finished.
[2025-08-15 01:32:08Z INFO Runner] Deleting Runner Session...
[2025-08-15 01:32:08Z INFO Runner] Restarting runner session after config update...
[2025-08-15 01:32:08Z INFO Runner] Runner configuration was refreshed, restarting session...
[2025-08-15 01:32:08Z INFO ConfigurationManager] LoadSettings
[2025-08-15 01:32:08Z INFO ConfigurationStore] IsConfigured()
[2025-08-15 01:32:08Z INFO ConfigurationStore] IsConfigured: True
[2025-08-15 01:32:08Z INFO ConfigurationManager] Is configured: True
[2025-08-15 01:32:08Z INFO ConfigurationManager] Settings Loaded
[2025-08-15 01:32:08Z INFO Runner] RunAsync
[2025-08-15 01:32:08Z INFO ConfigurationManager] LoadMigratedSettings
[2025-08-15 01:32:08Z INFO ConfigurationStore] IsMigratedConfigured()
[2025-08-15 01:32:08Z INFO ConfigurationStore] IsMigratedConfigured: True
[2025-08-15 01:32:08Z INFO ConfigurationStore] Read migrated setting file: 386 chars
[2025-08-15 01:32:08Z INFO ConfigurationManager] Migrated Settings Loaded
[2025-08-15 01:32:08Z INFO Runner] Loaded migrated settings from .runner_migrated file
[2025-08-15 01:32:08Z INFO Runner] {
  "AgentId": 22,
  "AgentName": "JO",
  "PoolId": 1,
  "PoolName": "Default",
  "ServerUrl": "https://pipelinesghubeus15.actions.githubusercontent.com/HLVvYa4EQ4gmli2xAFp0jlQMUfJshCbH1feiOknxmXHeaFb9SZ/",
  "GitHubUrl": "https://github.com/jauharimalik/fiberx",
  "WorkFolder": "_work",
  "UseV2Flow": true,
  "ServerUrlV2": "https://broker.actions.githubusercontent.com/"
}
[2025-08-15 01:32:08Z INFO Runner] Attempting to create session using migrated settings
[2025-08-15 01:32:08Z INFO Runner] Using BrokerMessageListener
[2025-08-15 01:32:08Z INFO BrokerMessageListener] Using provided settings
[2025-08-15 01:32:08Z INFO BrokerMessageListener] Using migrated settings from .runner_migrated
[2025-08-15 01:32:08Z INFO BrokerMessageListener] {
  "AgentId": 22,
  "AgentName": "JO",
  "PoolId": 1,
  "PoolName": "Default",
  "ServerUrl": "https://pipelinesghubeus15.actions.githubusercontent.com/HLVvYa4EQ4gmli2xAFp0jlQMUfJshCbH1feiOknxmXHeaFb9SZ/",
  "GitHubUrl": "https://github.com/jauharimalik/fiberx",
  "WorkFolder": "_work",
  "UseV2Flow": true,
  "ServerUrlV2": "https://broker.actions.githubusercontent.com/"
}
[2025-08-15 01:32:08Z INFO BrokerMessageListener] Loading Credentials
[2025-08-15 01:32:08Z INFO ConfigurationStore] HasCredentials()
[2025-08-15 01:32:08Z INFO ConfigurationStore] stored True
[2025-08-15 01:32:08Z INFO CredentialManager] GetCredentialProvider
[2025-08-15 01:32:08Z INFO CredentialManager] Creating type OAuth
[2025-08-15 01:32:08Z INFO CredentialManager] Creating credential type: OAuth
[2025-08-15 01:32:08Z INFO RSAEncryptedFileKeyManager] Loading RSA key parameters from file C:\laragon\www\fiberx\actions-runner\.credentials_rsaparams
[2025-08-15 01:32:08Z INFO BrokerMessageListener] Attempt to create session.
[2025-08-15 01:32:08Z INFO BrokerMessageListener] Connecting to the Broker Server...
[2025-08-15 01:32:08Z INFO ConfigurationStore] HasCredentials()
[2025-08-15 01:32:08Z INFO ConfigurationStore] stored True
[2025-08-15 01:32:08Z INFO CredentialManager] GetCredentialProvider
[2025-08-15 01:32:08Z INFO CredentialManager] Creating type OAuth
[2025-08-15 01:32:08Z INFO CredentialManager] Creating credential type: OAuth
[2025-08-15 01:32:08Z INFO RSAEncryptedFileKeyManager] Loading RSA key parameters from file C:\laragon\www\fiberx\actions-runner\.credentials_rsaparams
[2025-08-15 01:32:08Z INFO BrokerMessageListener] VssConnection created
[2025-08-15 01:32:08Z INFO BrokerMessageListener] Connecting to the Runner server...
[2025-08-15 01:32:08Z INFO RunnerServer] EstablishVssConnection
[2025-08-15 01:32:08Z INFO RunnerServer] Establish connection with 100 seconds timeout.
[2025-08-15 01:32:08Z INFO GitHubActionsService] Starting operation Location.GetConnectionData
[2025-08-15 01:32:08Z INFO RunnerServer] EstablishVssConnection
[2025-08-15 01:32:08Z INFO RunnerServer] Establish connection with 60 seconds timeout.
[2025-08-15 01:32:08Z INFO GitHubActionsService] Starting operation Location.GetConnectionData
[2025-08-15 01:32:08Z INFO RunnerServer] EstablishVssConnection
[2025-08-15 01:32:08Z INFO RunnerServer] Establish connection with 60 seconds timeout.
[2025-08-15 01:32:08Z INFO GitHubActionsService] Starting operation Location.GetConnectionData
[2025-08-15 01:32:09Z INFO GitHubActionsService] Finished operation Location.GetConnectionData
[2025-08-15 01:32:09Z INFO GitHubActionsService] Finished operation Location.GetConnectionData
[2025-08-15 01:32:09Z INFO GitHubActionsService] Finished operation Location.GetConnectionData
[2025-08-15 01:32:09Z INFO BrokerMessageListener] VssConnection created
[2025-08-15 01:32:09Z INFO Terminal] WRITE LINE: 
[2025-08-15 01:32:09Z INFO Terminal] WRITE LINE: 
[2025-08-15 01:32:09Z INFO RSAEncryptedFileKeyManager] Loading RSA key parameters from file C:\laragon\www\fiberx\actions-runner\.credentials_rsaparams
[2025-08-15 01:32:09Z INFO RSAEncryptedFileKeyManager] Loading RSA key parameters from file C:\laragon\www\fiberx\actions-runner\.credentials_rsaparams
[2025-08-15 01:32:10Z INFO GitHubActionsService] AAD Correlation ID for this token request: Unknown
[2025-08-15 01:32:12Z INFO BrokerMessageListener] Session created.
[2025-08-15 01:32:12Z INFO Runner] Successfully created session with migrated settings
[2025-08-15 01:32:12Z INFO Terminal] WRITE LINE: Current runner version: '2.327.1'
[2025-08-15 01:32:12Z INFO Terminal] WRITE LINE: 2025-08-15 01:32:12Z: Listening for Jobs
[2025-08-15 01:32:12Z INFO JobDispatcher] Set runner/worker IPC timeout to 30 seconds.
[2025-08-15 02:22:28Z INFO RSAEncryptedFileKeyManager] Loading RSA key parameters from file C:\laragon\www\fiberx\actions-runner\.credentials_rsaparams
[2025-08-15 02:22:30Z INFO GitHubActionsService] AAD Correlation ID for this token request: Unknown
[2025-08-15 02:51:30Z INFO Runner] Refresh message received, kick-off selfupdate background process.
[2025-08-15 02:51:31Z INFO RSAEncryptedFileKeyManager] Loading RSA key parameters from file C:\laragon\www\fiberx\actions-runner\.credentials_rsaparams
[2025-08-15 02:51:31Z INFO RSAEncryptedFileKeyManager] Loading RSA key parameters from file C:\laragon\www\fiberx\actions-runner\.credentials_rsaparams
[2025-08-15 02:51:32Z INFO GitHubActionsService] AAD Correlation ID for this token request: Unknown
[2025-08-15 02:51:33Z INFO SelfUpdater] Version '2.328.0' of 'agent' package available in server.
[2025-08-15 02:51:33Z INFO SelfUpdater] Current running runner version is 2.327.1
[2025-08-15 02:51:33Z INFO SelfUpdater] An update is available.
[2025-08-15 02:51:33Z INFO Terminal] WRITE LINE: Runner update in progress, do not shutdown runner.
[2025-08-15 02:51:33Z INFO SelfUpdater] RunnerPlatform: win-x64
[2025-08-15 02:51:33Z INFO Terminal] WRITE LINE: Downloading 2.328.0 runner
[2025-08-15 02:51:33Z INFO HostContext] Well known directory 'Bin': 'C:\laragon\www\fiberx\actions-runner\bin'
[2025-08-15 02:51:33Z INFO HostContext] Well known directory 'Root': 'C:\laragon\www\fiberx\actions-runner'
[2025-08-15 02:51:33Z INFO HostContext] Well known directory 'Work': 'C:\laragon\www\fiberx\actions-runner\_work'
[2025-08-15 02:51:33Z INFO Terminal] WRITE LINE: Runner update process finished.
[2025-08-15 02:51:33Z INFO SelfUpdater] System.IO.FileNotFoundException: 
File name: 'System.Linq.Parallel, Version=8.0.0.0, Culture=neutral, PublicKeyToken=b03f5f7f11d50a3a'
   at GitHub.Runner.Sdk.IOUtil.DeleteDirectory(String path, Boolean contentsOnly, Boolean continueOnContentDeleteError, CancellationToken cancellationToken)
   at GitHub.Runner.Sdk.IOUtil.DeleteDirectory(String path, CancellationToken cancellationToken)
   at GitHub.Runner.Listener.SelfUpdater.DownloadLatestRunner(CancellationToken token, String targetVersion)
   at GitHub.Runner.Listener.SelfUpdater.SelfUpdate(AgentRefreshMessage updateMessage, IJobDispatcher jobDispatcher, Boolean restartInteractiveRunner, CancellationToken token)
[2025-08-15 02:51:34Z INFO JobDispatcher] Shutting down JobDispatcher. Make sure all WorkerDispatcher has finished.
[2025-08-15 02:51:34Z INFO Runner] Deleting Runner Session...
[2025-08-15 02:51:35Z ERR  Terminal] WRITE ERROR: An error occurred: 
[2025-08-15 02:51:35Z ERR  Listener] System.IO.FileNotFoundException: 
File name: 'System.Linq.Parallel, Version=8.0.0.0, Culture=neutral, PublicKeyToken=b03f5f7f11d50a3a'
   at GitHub.Runner.Sdk.IOUtil.DeleteDirectory(String path, Boolean contentsOnly, Boolean continueOnContentDeleteError, CancellationToken cancellationToken)
   at GitHub.Runner.Sdk.IOUtil.DeleteDirectory(String path, CancellationToken cancellationToken)
   at GitHub.Runner.Listener.SelfUpdater.DownloadLatestRunner(CancellationToken token, String targetVersion)
   at GitHub.Runner.Listener.SelfUpdater.SelfUpdate(AgentRefreshMessage updateMessage, IJobDispatcher jobDispatcher, Boolean restartInteractiveRunner, CancellationToken token)
   at GitHub.Runner.Listener.SelfUpdater.SelfUpdate(AgentRefreshMessage updateMessage, IJobDispatcher jobDispatcher, Boolean restartInteractiveRunner, CancellationToken token)
   at GitHub.Runner.Listener.Runner.RunAsync(RunnerSettings settings, Boolean runOnce)
   at GitHub.Runner.Listener.Runner.RunAsync(RunnerSettings settings, Boolean runOnce)
   at GitHub.Runner.Listener.Runner.RunAsync(RunnerSettings settings, Boolean runOnce)
   at GitHub.Runner.Listener.Runner.ExecuteRunnerAsync(RunnerSettings settings, Boolean runOnce)
   at GitHub.Runner.Listener.Runner.ExecuteCommand(CommandSettings command)
   at GitHub.Runner.Listener.Program.MainAsync(IHostContext context, String[] args)
